================================================================================
 metR DOCX DocMigrate — PRE-FLIGHT REPORT
================================================================================
 Total DOCX Files      : 1
 Started               : 2026-09-24 10:15:36 UTC
 Completed             : 2026-09-24 10:15:40 UTC
 Duration              : 5s
 Overall Status        : SUCCESS
--------------------------------------------------------------------------------

[2026-09-24T10:15:36.160774+00:00] PreflightService class is running.
[2026-09-24T10:15:36.160827+00:00] preflight_started working.
[2026-09-24T10:15:36.181349+00:00] PreflightService Reading uploaded file 'Printer_Setup_UserGuide.docx' in 1 MB chunks (max allowed: 2000 MB).
[2026-09-24T10:15:36.192130+00:00] PreflightService File read complete - 4.04 MB. Saved.
[2026-09-24T10:15:36.192172+00:00] PreflightService File saved successfully.
[2026-09-24T10:15:36.192189+00:00] file_saved 'Printer_Setup_UserGuide.docx' uploaded and saved (4.04 MB).
[2026-09-24T10:15:40.289072+00:00] PreflightService Validating document structure for 'Printer_Setup_UserGuide.docx'.
[2026-09-24T10:15:40.289141+00:00] validating_structure Validating document heading structure for 'Printer_Setup_UserGuide.docx'.
[2026-09-24T10:15:40.410412+00:00] check_docx_starts_with_heading Validating document structure.
[2026-09-24T10:15:40.413472+00:00] check_docx_starts_with_heading Reading 'word/document.xml' for heading validation.
[2026-09-24T10:15:40.431933+00:00] check_docx_starts_with_heading Parsing 'word/document.xml' XML.
[2026-09-24T10:15:40.692251+00:00] check_docx_starts_with_heading Scanning 1333 paragraph(s) for a valid first heading style.
[2026-09-24T10:15:40.692423+00:00] check_docx_starts_with_heading First styled paragraph uses 'bodytext' — document structure is valid.
[2026-09-24T10:15:40.920936+00:00] PreflightService class completed successfully.
[2026-09-24T10:15:40.920997+00:00] preflight_completed File 'Printer_Setup_UserGuide.docx' validated successfully and is ready for conversion.

 [GUI] Success: Pre-flight analysis completed successfully.
================================================================================
