================================================================================
 metR DOCX DocMigrate — TRANSFORMATION REPORT
================================================================================
 Source File           : Printer_Setup_UserGuide.docx
 Files Converted       : 1
 Topics Generated      : 64
 DITA Maps Generated   : 8
 Started               : 2026-09-24 10:15:40 UTC
 Completed             : 2026-09-24 10:15:42 UTC
 Duration              : 2s
 Overall Status        : SUCCESS
--------------------------------------------------------------------------------

[2026-09-24T10:15:40.930737+00:00] conversion_started working.
[2026-09-24T10:15:40.934043+00:00] ConversionService class is running.
[2026-09-24T10:15:40.934220+00:00] transformation_started working on input source
[2026-09-24T10:15:41.209135+00:00] detect_docx_toc TOC Structured Document Tag (SDT) detected.
[2026-09-24T10:15:41.217092+00:00] PipelineOrchestrator TOC DETECTED = True
[2026-09-24T10:15:41.217148+00:00] toc_detection Document analysis: Table of Contents detected.
[2026-09-24T10:15:41.220838+00:00] PipelineOrchestrator Starting conversion pipeline for 'Printer_Setup_UserGuide.docx'.
[2026-09-24T10:15:41.220943+00:00] DocxToHtmlProcessor Converting 'Printer_Setup_UserGuide.docx' from DOCX to HTML.
[2026-09-24T10:15:41.221012+00:00] step_docx_to_html_started Step 1/7: Converting 'Printer_Setup_UserGuide.docx' from DOCX to HTML.
[2026-09-24T10:15:41.222185+00:00] DocxToHtmlProcessor Opening DOCX archive: 'Printer_Setup_UserGuide.docx'.
[2026-09-24T10:15:41.223343+00:00] DocxToHtmlProcessor Reading relationships.
[2026-09-24T10:15:41.223391+00:00] DocxToHtmlProcessor Parsing relationships from 'word/_rels/document.xml.rels'.
[2026-09-24T10:15:41.224591+00:00] DocxToHtmlProcessor Extracted 246 relationship(s).
[2026-09-24T10:15:41.224657+00:00] DocxToHtmlProcessor Extracting media files.
[2026-09-24T10:15:41.224950+00:00] DocxToHtmlProcessor Copying 235 media file(s).
[2026-09-24T10:15:41.229449+00:00] DocxToHtmlProcessor Media copied: 'image110.png'.
[2026-09-24T10:15:41.229723+00:00] DocxToHtmlProcessor Media copied: 'image14.png'.
[2026-09-24T10:15:41.230071+00:00] DocxToHtmlProcessor Media copied: 'image35.png'.
[2026-09-24T10:15:41.232204+00:00] DocxToHtmlProcessor Media copied: 'image56.png'.
[2026-09-24T10:15:41.233081+00:00] DocxToHtmlProcessor Media copied: 'image77.png'.
[2026-09-24T10:15:41.233854+00:00] DocxToHtmlProcessor Media copied: 'image131.png'.
[2026-09-24T10:15:41.234123+00:00] DocxToHtmlProcessor Media copied: 'image161.jpeg'.
[2026-09-24T10:15:41.235534+00:00] DocxToHtmlProcessor Media copied: 'image182.png'.
[2026-09-24T10:15:41.236009+00:00] DocxToHtmlProcessor Media copied: 'image196.png'.
[2026-09-24T10:15:41.236820+00:00] DocxToHtmlProcessor Media copied: 'image217.png'.
[2026-09-24T10:15:41.240632+00:00] DocxToHtmlProcessor Media copied: 'image100.png'.
[2026-09-24T10:15:41.242070+00:00] DocxToHtmlProcessor Media copied: 'image4.png'.
[2026-09-24T10:15:41.242302+00:00] DocxToHtmlProcessor Media copied: 'image25.png'.
[2026-09-24T10:15:41.242539+00:00] DocxToHtmlProcessor Media copied: 'image46.png'.
[2026-09-24T10:15:41.242812+00:00] DocxToHtmlProcessor Media copied: 'image67.png'.
[2026-09-24T10:15:41.242946+00:00] DocxToHtmlProcessor Media copied: 'image121.png'.
[2026-09-24T10:15:41.243739+00:00] DocxToHtmlProcessor Media copied: 'image142.png'.
[2026-09-24T10:15:41.245731+00:00] DocxToHtmlProcessor Media copied: 'image88.png'.
[2026-09-24T10:15:41.246033+00:00] DocxToHtmlProcessor Media copied: 'image172.png'.
[2026-09-24T10:15:41.246776+00:00] DocxToHtmlProcessor Media copied: 'image207.png'.
[2026-09-24T10:15:41.247044+00:00] DocxToHtmlProcessor Media copied: 'image228.png'.
[2026-09-24T10:15:41.247828+00:00] DocxToHtmlProcessor Media copied: 'image15.png'.
[2026-09-24T10:15:41.248104+00:00] DocxToHtmlProcessor Media copied: 'image36.png'.
[2026-09-24T10:15:41.251600+00:00] DocxToHtmlProcessor Media copied: 'image57.png'.
[2026-09-24T10:15:41.252446+00:00] DocxToHtmlProcessor Media copied: 'image111.png'.
[2026-09-24T10:15:41.252677+00:00] DocxToHtmlProcessor Media copied: 'image132.png'.
[2026-09-24T10:15:41.252904+00:00] DocxToHtmlProcessor Media copied: 'image78.png'.
[2026-09-24T10:15:41.256291+00:00] DocxToHtmlProcessor Media copied: 'image143.jpeg'.
[2026-09-24T10:15:41.256553+00:00] DocxToHtmlProcessor Media copied: 'image162.png'.
[2026-09-24T10:15:41.257340+00:00] DocxToHtmlProcessor Media copied: 'image183.png'.
[2026-09-24T10:15:41.258753+00:00] DocxToHtmlProcessor Media copied: 'image197.png'.
[2026-09-24T10:15:41.260952+00:00] DocxToHtmlProcessor Media copied: 'image218.png'.
[2026-09-24T10:15:41.261795+00:00] DocxToHtmlProcessor Media copied: 'image5.png'.
[2026-09-24T10:15:41.262102+00:00] DocxToHtmlProcessor Media copied: 'image26.png'.
[2026-09-24T10:15:41.262415+00:00] DocxToHtmlProcessor Media copied: 'image101.png'.
[2026-09-24T10:15:41.262642+00:00] DocxToHtmlProcessor Media copied: 'image122.png'.
[2026-09-24T10:15:41.262872+00:00] DocxToHtmlProcessor Media copied: 'image47.png'.
[2026-09-24T10:15:41.263739+00:00] DocxToHtmlProcessor Media copied: 'image68.png'.
[2026-09-24T10:15:41.263992+00:00] DocxToHtmlProcessor Media copied: 'image89.png'.
[2026-09-24T10:15:41.265441+00:00] DocxToHtmlProcessor Media copied: 'image133.png'.
[2026-09-24T10:15:41.266354+00:00] DocxToHtmlProcessor Media copied: 'image152.png'.
[2026-09-24T10:15:41.267153+00:00] DocxToHtmlProcessor Media copied: 'image173.png'.
[2026-09-24T10:15:41.267472+00:00] DocxToHtmlProcessor Media copied: 'image208.png'.
[2026-09-24T10:15:41.268283+00:00] DocxToHtmlProcessor Media copied: 'image229.png'.
[2026-09-24T10:15:41.268678+00:00] DocxToHtmlProcessor Media copied: 'image16.png'.
[2026-09-24T10:15:41.268910+00:00] DocxToHtmlProcessor Media copied: 'image112.png'.
[2026-09-24T10:15:41.269158+00:00] DocxToHtmlProcessor Media copied: 'image37.png'.
[2026-09-24T10:15:41.270019+00:00] DocxToHtmlProcessor Media copied: 'image58.png'.
[2026-09-24T10:15:41.270256+00:00] DocxToHtmlProcessor Media copied: 'image79.png'.
[2026-09-24T10:15:41.270484+00:00] DocxToHtmlProcessor Media copied: 'image123.png'.
[2026-09-24T10:15:41.272920+00:00] DocxToHtmlProcessor Media copied: 'image144.jpeg'.
[2026-09-24T10:15:41.273770+00:00] DocxToHtmlProcessor Media copied: 'image163.png'.
[2026-09-24T10:15:41.274032+00:00] DocxToHtmlProcessor Media copied: 'image184.jpeg'.
[2026-09-24T10:15:41.274947+00:00] DocxToHtmlProcessor Media copied: 'image198.png'.
[2026-09-24T10:15:41.276615+00:00] DocxToHtmlProcessor Media copied: 'image219.png'.
[2026-09-24T10:15:41.276872+00:00] DocxToHtmlProcessor Media copied: 'image6.png'.
[2026-09-24T10:15:41.278257+00:00] DocxToHtmlProcessor Media copied: 'image102.png'.
[2026-09-24T10:15:41.280824+00:00] DocxToHtmlProcessor Media copied: 'image27.png'.
[2026-09-24T10:15:41.281083+00:00] DocxToHtmlProcessor Media copied: 'image48.jpeg'.
[2026-09-24T10:15:41.281329+00:00] DocxToHtmlProcessor Media copied: 'image69.png'.
[2026-09-24T10:15:41.281568+00:00] DocxToHtmlProcessor Media copied: 'image90.png'.
[2026-09-24T10:15:41.281805+00:00] DocxToHtmlProcessor Media copied: 'image113.png'.
[2026-09-24T10:15:41.282058+00:00] DocxToHtmlProcessor Media copied: 'image134.png'.
[2026-09-24T10:15:41.282342+00:00] DocxToHtmlProcessor Media copied: 'image153.png'.
[2026-09-24T10:15:41.283147+00:00] DocxToHtmlProcessor Media copied: 'image174.png'.
[2026-09-24T10:15:41.283374+00:00] DocxToHtmlProcessor Media copied: 'image209.png'.
[2026-09-24T10:15:41.283605+00:00] DocxToHtmlProcessor Media copied: 'image230.png'.
[2026-09-24T10:15:41.283819+00:00] DocxToHtmlProcessor Media copied: 'image17.png'.
[2026-09-24T10:15:41.284655+00:00] DocxToHtmlProcessor Media copied: 'image38.png'.
[2026-09-24T10:15:41.284902+00:00] DocxToHtmlProcessor Media copied: 'image59.jpeg'.
[2026-09-24T10:15:41.285152+00:00] DocxToHtmlProcessor Media copied: 'image80.png'.
[2026-09-24T10:15:41.285411+00:00] DocxToHtmlProcessor Media copied: 'image103.png'.
[2026-09-24T10:15:41.287327+00:00] DocxToHtmlProcessor Media copied: 'image124.png'.
[2026-09-24T10:15:41.288182+00:00] DocxToHtmlProcessor Media copied: 'image145.jpeg'.
[2026-09-24T10:15:41.288399+00:00] DocxToHtmlProcessor Media copied: 'image164.png'.
[2026-09-24T10:15:41.289717+00:00] DocxToHtmlProcessor Media copied: 'image185.png'.
[2026-09-24T10:15:41.291317+00:00] DocxToHtmlProcessor Media copied: 'image199.png'.
[2026-09-24T10:15:41.291670+00:00] DocxToHtmlProcessor Media copied: 'image220.png'.
[2026-09-24T10:15:41.293010+00:00] DocxToHtmlProcessor Media copied: 'image231.png'.
[2026-09-24T10:15:41.294290+00:00] DocxToHtmlProcessor Media copied: 'image7.png'.
[2026-09-24T10:15:41.294519+00:00] DocxToHtmlProcessor Media copied: 'image28.png'.
[2026-09-24T10:15:41.294740+00:00] DocxToHtmlProcessor Media copied: 'image49.png'.
[2026-09-24T10:15:41.296083+00:00] DocxToHtmlProcessor Media copied: 'image70.png'.
[2026-09-24T10:15:41.296287+00:00] DocxToHtmlProcessor Media copied: 'image93.png'.
[2026-09-24T10:15:41.296618+00:00] DocxToHtmlProcessor Media copied: 'image1.png'.
[2026-09-24T10:15:41.297467+00:00] DocxToHtmlProcessor Media copied: 'image91.png'.
[2026-09-24T10:15:41.297701+00:00] DocxToHtmlProcessor Media copied: 'image114.png'.
[2026-09-24T10:15:41.297934+00:00] DocxToHtmlProcessor Media copied: 'image135.png'.
[2026-09-24T10:15:41.298356+00:00] DocxToHtmlProcessor Media copied: 'image154.png'.
[2026-09-24T10:15:41.299158+00:00] DocxToHtmlProcessor Media copied: 'image175.png'.
[2026-09-24T10:15:41.299403+00:00] DocxToHtmlProcessor Media copied: 'image210.png'.
[2026-09-24T10:15:41.299761+00:00] DocxToHtmlProcessor Media copied: 'image221.png'.
[2026-09-24T10:15:41.300027+00:00] DocxToHtmlProcessor Media copied: 'image18.png'.
[2026-09-24T10:15:41.300252+00:00] DocxToHtmlProcessor Media copied: 'image39.png'.
[2026-09-24T10:15:41.301114+00:00] DocxToHtmlProcessor Media copied: 'image60.png'.
[2026-09-24T10:15:41.301948+00:00] DocxToHtmlProcessor Media copied: 'image81.png'.
[2026-09-24T10:15:41.302212+00:00] DocxToHtmlProcessor Media copied: 'image104.png'.
[2026-09-24T10:15:41.302445+00:00] DocxToHtmlProcessor Media copied: 'image125.jpeg'.
[2026-09-24T10:15:41.302680+00:00] DocxToHtmlProcessor Media copied: 'image146.png'.
[2026-09-24T10:15:41.302922+00:00] DocxToHtmlProcessor Media copied: 'image165.png'.
[2026-09-24T10:15:41.304379+00:00] DocxToHtmlProcessor Media copied: 'image186.jpeg'.
[2026-09-24T10:15:41.305206+00:00] DocxToHtmlProcessor Media copied: 'image200.png'.
[2026-09-24T10:15:41.305465+00:00] DocxToHtmlProcessor Media copied: 'image211.png'.
[2026-09-24T10:15:41.306839+00:00] DocxToHtmlProcessor Media copied: 'image232.png'.
[2026-09-24T10:15:41.307630+00:00] DocxToHtmlProcessor Media copied: 'image8.png'.
[2026-09-24T10:15:41.307890+00:00] DocxToHtmlProcessor Media copied: 'image29.png'.
[2026-09-24T10:15:41.308803+00:00] DocxToHtmlProcessor Media copied: 'image50.png'.
[2026-09-24T10:15:41.309080+00:00] DocxToHtmlProcessor Media copied: 'image3.png'.
[2026-09-24T10:15:41.309358+00:00] DocxToHtmlProcessor Media copied: 'image24.png'.
[2026-09-24T10:15:41.309583+00:00] DocxToHtmlProcessor Media copied: 'image45.png'.
[2026-09-24T10:15:41.309818+00:00] DocxToHtmlProcessor Media copied: 'image66.png'.
[2026-09-24T10:15:41.310061+00:00] DocxToHtmlProcessor Media copied: 'image71.png'.
[2026-09-24T10:15:41.310314+00:00] DocxToHtmlProcessor Media copied: 'image87.png'.
[2026-09-24T10:15:41.310542+00:00] DocxToHtmlProcessor Media copied: 'image92.png'.
[2026-09-24T10:15:41.311344+00:00] DocxToHtmlProcessor Media copied: 'image94.png'.
[2026-09-24T10:15:41.311572+00:00] DocxToHtmlProcessor Media copied: 'image115.png'.
[2026-09-24T10:15:41.311813+00:00] DocxToHtmlProcessor Media copied: 'image136.png'.
[2026-09-24T10:15:41.312052+00:00] DocxToHtmlProcessor Media copied: 'image141.png'.
[2026-09-24T10:15:41.312296+00:00] DocxToHtmlProcessor Media copied: 'image155.png'.
[2026-09-24T10:15:41.312551+00:00] DocxToHtmlProcessor Media copied: 'image160.png'.
[2026-09-24T10:15:41.312806+00:00] DocxToHtmlProcessor Media copied: 'image176.png'.
[2026-09-24T10:15:41.313573+00:00] DocxToHtmlProcessor Media copied: 'image2.png'.
[2026-09-24T10:15:41.313814+00:00] DocxToHtmlProcessor Media copied: 'image171.png'.
[2026-09-24T10:15:41.315249+00:00] DocxToHtmlProcessor Media copied: 'image201.png'.
[2026-09-24T10:15:41.316711+00:00] DocxToHtmlProcessor Media copied: 'image206.png'.
[2026-09-24T10:15:41.316983+00:00] DocxToHtmlProcessor Media copied: 'image227.png'.
[2026-09-24T10:15:41.317241+00:00] DocxToHtmlProcessor Media copied: 'image19.png'.
[2026-09-24T10:15:41.317499+00:00] DocxToHtmlProcessor Media copied: 'image222.png'.
[2026-09-24T10:15:41.318213+00:00] DocxToHtmlProcessor Media copied: 'image40.png'.
[2026-09-24T10:15:41.318449+00:00] DocxToHtmlProcessor Media copied: 'image61.png'.
[2026-09-24T10:15:41.318693+00:00] DocxToHtmlProcessor Media copied: 'image82.png'.
[2026-09-24T10:15:41.318923+00:00] DocxToHtmlProcessor Media copied: 'image105.png'.
[2026-09-24T10:15:41.319731+00:00] DocxToHtmlProcessor Media copied: 'image126.png'.
[2026-09-24T10:15:41.319989+00:00] DocxToHtmlProcessor Media copied: 'image147.png'.
[2026-09-24T10:15:41.320776+00:00] DocxToHtmlProcessor Media copied: 'image166.png'.
[2026-09-24T10:15:41.321062+00:00] DocxToHtmlProcessor Media copied: 'image187.jpeg'.
[2026-09-24T10:15:41.321499+00:00] DocxToHtmlProcessor Media copied: 'image191.png'.
[2026-09-24T10:15:41.322298+00:00] DocxToHtmlProcessor Media copied: 'image9.png'.
[2026-09-24T10:15:41.322550+00:00] DocxToHtmlProcessor Media copied: 'image212.jpeg'.
[2026-09-24T10:15:41.322785+00:00] DocxToHtmlProcessor Media copied: 'image233.png'.
[2026-09-24T10:15:41.323566+00:00] DocxToHtmlProcessor Media copied: 'image30.png'.
[2026-09-24T10:15:41.324394+00:00] DocxToHtmlProcessor Media copied: 'image51.jpeg'.
[2026-09-24T10:15:41.324630+00:00] DocxToHtmlProcessor Media copied: 'image72.png'.
[2026-09-24T10:15:41.325499+00:00] DocxToHtmlProcessor Media copied: 'image95.png'.
[2026-09-24T10:15:41.325735+00:00] DocxToHtmlProcessor Media copied: 'image116.png'.
[2026-09-24T10:15:41.325987+00:00] DocxToHtmlProcessor Media copied: 'image137.png'.
[2026-09-24T10:15:41.326240+00:00] DocxToHtmlProcessor Media copied: 'image83.png'.
[2026-09-24T10:15:41.326480+00:00] DocxToHtmlProcessor Media copied: 'image156.png'.
[2026-09-24T10:15:41.327285+00:00] DocxToHtmlProcessor Media copied: 'image177.png'.
[2026-09-24T10:15:41.328175+00:00] DocxToHtmlProcessor Media copied: 'image202.png'.
[2026-09-24T10:15:41.328431+00:00] DocxToHtmlProcessor Media copied: 'image223.png'.
[2026-09-24T10:15:41.328681+00:00] DocxToHtmlProcessor Media copied: 'image20.png'.
[2026-09-24T10:15:41.328934+00:00] DocxToHtmlProcessor Media copied: 'image41.png'.
[2026-09-24T10:15:41.329189+00:00] DocxToHtmlProcessor Media copied: 'image62.png'.
[2026-09-24T10:15:41.329453+00:00] DocxToHtmlProcessor Media copied: 'image106.png'.
[2026-09-24T10:15:41.330841+00:00] DocxToHtmlProcessor Media copied: 'image127.png'.
[2026-09-24T10:15:41.331120+00:00] DocxToHtmlProcessor Media copied: 'image73.png'.
[2026-09-24T10:15:41.331366+00:00] DocxToHtmlProcessor Media copied: 'image148.png'.
[2026-09-24T10:15:41.331640+00:00] DocxToHtmlProcessor Media copied: 'image167.png'.
[2026-09-24T10:15:41.331889+00:00] DocxToHtmlProcessor Media copied: 'image188.png'.
[2026-09-24T10:15:41.332312+00:00] DocxToHtmlProcessor Media copied: 'image192.png'.
[2026-09-24T10:15:41.332574+00:00] DocxToHtmlProcessor Media copied: 'image213.jpeg'.
[2026-09-24T10:15:41.332850+00:00] DocxToHtmlProcessor Media copied: 'image234.png'.
[2026-09-24T10:15:41.333091+00:00] DocxToHtmlProcessor Media copied: 'image10.png'.
[2026-09-24T10:15:41.333906+00:00] DocxToHtmlProcessor Media copied: 'image31.png'.
[2026-09-24T10:15:41.334720+00:00] DocxToHtmlProcessor Media copied: 'image52.png'.
[2026-09-24T10:15:41.334952+00:00] DocxToHtmlProcessor Media copied: 'image96.png'.
[2026-09-24T10:15:41.335204+00:00] DocxToHtmlProcessor Media copied: 'image117.png'.
[2026-09-24T10:15:41.335436+00:00] DocxToHtmlProcessor Media copied: 'image63.png'.
[2026-09-24T10:15:41.335678+00:00] DocxToHtmlProcessor Media copied: 'image84.png'.
[2026-09-24T10:15:41.335929+00:00] DocxToHtmlProcessor Media copied: 'image138.png'.
[2026-09-24T10:15:41.336400+00:00] DocxToHtmlProcessor Media copied: 'image157.png'.
[2026-09-24T10:15:41.336644+00:00] DocxToHtmlProcessor Media copied: 'image178.png'.
[2026-09-24T10:15:41.337550+00:00] DocxToHtmlProcessor Media copied: 'image203.png'.
[2026-09-24T10:15:41.337816+00:00] DocxToHtmlProcessor Media copied: 'image224.png'.
[2026-09-24T10:15:41.338063+00:00] DocxToHtmlProcessor Media copied: 'image21.png'.
[2026-09-24T10:15:41.338299+00:00] DocxToHtmlProcessor Media copied: 'image42.png'.
[2026-09-24T10:15:41.338562+00:00] DocxToHtmlProcessor Media copied: 'image107.png'.
[2026-09-24T10:15:41.338812+00:00] DocxToHtmlProcessor Media copied: 'image53.png'.
[2026-09-24T10:15:41.339057+00:00] DocxToHtmlProcessor Media copied: 'image74.png'.
[2026-09-24T10:15:41.339306+00:00] DocxToHtmlProcessor Media copied: 'image128.png'.
[2026-09-24T10:15:41.339569+00:00] DocxToHtmlProcessor Media copied: 'image149.jpeg'.
[2026-09-24T10:15:41.339809+00:00] DocxToHtmlProcessor Media copied: 'image168.png'.
[2026-09-24T10:15:41.340059+00:00] DocxToHtmlProcessor Media copied: 'image189.jpeg'.
[2026-09-24T10:15:41.341043+00:00] DocxToHtmlProcessor Media copied: 'image193.png'.
[2026-09-24T10:15:41.341331+00:00] DocxToHtmlProcessor Media copied: 'image214.png'.
[2026-09-24T10:15:41.341600+00:00] DocxToHtmlProcessor Media copied: 'image235.png'.
[2026-09-24T10:15:41.341830+00:00] DocxToHtmlProcessor Media copied: 'image11.png'.
[2026-09-24T10:15:41.342098+00:00] DocxToHtmlProcessor Media copied: 'image32.png'.
[2026-09-24T10:15:41.342328+00:00] DocxToHtmlProcessor Media copied: 'image43.png'.
[2026-09-24T10:15:41.342595+00:00] DocxToHtmlProcessor Media copied: 'image97.png'.
[2026-09-24T10:15:41.342829+00:00] DocxToHtmlProcessor Media copied: 'image118.png'.
[2026-09-24T10:15:41.343088+00:00] DocxToHtmlProcessor Media copied: 'image139.png'.
[2026-09-24T10:15:41.343422+00:00] DocxToHtmlProcessor Media copied: 'image158.png'.
[2026-09-24T10:15:41.343677+00:00] DocxToHtmlProcessor Media copied: 'image179.png'.
[2026-09-24T10:15:41.343921+00:00] DocxToHtmlProcessor Media copied: 'image64.png'.
[2026-09-24T10:15:41.344210+00:00] DocxToHtmlProcessor Media copied: 'image85.png'.
[2026-09-24T10:15:41.344449+00:00] DocxToHtmlProcessor Media copied: 'image204.png'.
[2026-09-24T10:15:41.344704+00:00] DocxToHtmlProcessor Media copied: 'image225.png'.
[2026-09-24T10:15:41.344931+00:00] DocxToHtmlProcessor Media copied: 'image22.png'.
[2026-09-24T10:15:41.345276+00:00] DocxToHtmlProcessor Media copied: 'image33.png'.
[2026-09-24T10:15:41.345521+00:00] DocxToHtmlProcessor Media copied: 'image108.png'.
[2026-09-24T10:15:41.345761+00:00] DocxToHtmlProcessor Media copied: 'image129.png'.
[2026-09-24T10:15:41.346604+00:00] DocxToHtmlProcessor Media copied: 'image150.jpeg'.
[2026-09-24T10:15:41.346836+00:00] DocxToHtmlProcessor Media copied: 'image169.png'.
[2026-09-24T10:15:41.347075+00:00] DocxToHtmlProcessor Media copied: 'image54.png'.
[2026-09-24T10:15:41.347305+00:00] DocxToHtmlProcessor Media copied: 'image75.png'.
[2026-09-24T10:15:41.347538+00:00] DocxToHtmlProcessor Media copied: 'image190.jpeg'.
[2026-09-24T10:15:41.347939+00:00] DocxToHtmlProcessor Media copied: 'image194.png'.
[2026-09-24T10:15:41.348198+00:00] DocxToHtmlProcessor Media copied: 'image12.png'.
[2026-09-24T10:15:41.349154+00:00] DocxToHtmlProcessor Media copied: 'image215.png'.
[2026-09-24T10:15:41.349957+00:00] DocxToHtmlProcessor Media copied: 'image23.png'.
[2026-09-24T10:15:41.350817+00:00] DocxToHtmlProcessor Media copied: 'image98.png'.
[2026-09-24T10:15:41.351192+00:00] DocxToHtmlProcessor Media copied: 'image119.png'.
[2026-09-24T10:15:41.351434+00:00] DocxToHtmlProcessor Media copied: 'image140.png'.
[2026-09-24T10:15:41.351690+00:00] DocxToHtmlProcessor Media copied: 'image159.png'.
[2026-09-24T10:15:41.351937+00:00] DocxToHtmlProcessor Media copied: 'image44.png'.
[2026-09-24T10:15:41.352184+00:00] DocxToHtmlProcessor Media copied: 'image65.png'.
[2026-09-24T10:15:41.352427+00:00] DocxToHtmlProcessor Media copied: 'image86.png'.
[2026-09-24T10:15:41.352657+00:00] DocxToHtmlProcessor Media copied: 'image180.png'.
[2026-09-24T10:15:41.352899+00:00] DocxToHtmlProcessor Media copied: 'image205.png'.
[2026-09-24T10:15:41.353175+00:00] DocxToHtmlProcessor Media copied: 'image226.png'.
[2026-09-24T10:15:41.353935+00:00] DocxToHtmlProcessor Media copied: 'image109.png'.
[2026-09-24T10:15:41.354766+00:00] DocxToHtmlProcessor Media copied: 'image130.png'.
[2026-09-24T10:15:41.355083+00:00] DocxToHtmlProcessor Media copied: 'image151.jpeg'.
[2026-09-24T10:15:41.355324+00:00] DocxToHtmlProcessor Media copied: 'image13.png'.
[2026-09-24T10:15:41.355568+00:00] DocxToHtmlProcessor Media copied: 'image34.png'.
[2026-09-24T10:15:41.355806+00:00] DocxToHtmlProcessor Media copied: 'image55.png'.
[2026-09-24T10:15:41.356063+00:00] DocxToHtmlProcessor Media copied: 'image76.png'.
[2026-09-24T10:15:41.356296+00:00] DocxToHtmlProcessor Media copied: 'image170.png'.
[2026-09-24T10:15:41.356539+00:00] DocxToHtmlProcessor Media copied: 'image181.png'.
[2026-09-24T10:15:41.357522+00:00] DocxToHtmlProcessor Media copied: 'image195.png'.
[2026-09-24T10:15:41.357779+00:00] DocxToHtmlProcessor Media copied: 'image216.png'.
[2026-09-24T10:15:41.358025+00:00] DocxToHtmlProcessor Media copied: 'image99.png'.
[2026-09-24T10:15:41.359544+00:00] DocxToHtmlProcessor Media copied: 'image120.png'.
[2026-09-24T10:15:41.359589+00:00] DocxToHtmlProcessor Media copy complete -- 235 file(s) exported.
[2026-09-24T10:15:41.359620+00:00] DocxToHtmlProcessor Reading list numbering definitions.
[2026-09-24T10:15:41.359693+00:00] DocxToHtmlProcessor Parsing 'word/numbering.xml' for list type map.
[2026-09-24T10:15:41.365452+00:00] DocxToHtmlProcessor Numbering map built with 36 numId(s).
[2026-09-24T10:15:41.366043+00:00] DocxToHtmlProcessor Reading 'word/document.xml'.
[2026-09-24T10:15:41.384445+00:00] DocxToHtmlProcessor Parsing 'word/document.xml' XML structure.
[2026-09-24T10:15:41.635734+00:00] DocxToHtmlProcessor Processing document body paragraphs for 'Printer_Setup_UserGuide.docx'.
[2026-09-24T10:15:41.801704+00:00] DocxToHtmlProcessor Document body processed — 438 HTML block(s) generated for 'Printer_Setup_UserGuide.docx'.
[2026-09-24T10:15:41.812284+00:00] DocxToHtmlProcessor DOCX to HTML conversion complete.
[2026-09-24T10:15:41.813657+00:00] step_docx_to_html_complete DOCX-to-HTML conversion complete: 235 image(s) extracted.
[2026-09-24T10:15:41.814604+00:00] HtmlToDitaNormalizer Normalizing generated HTML for DITA conversion.
[2026-09-24T10:15:41.814636+00:00] step_normalize_html_started Step 2/7: Normalizing HTML for DITA conversion.
[2026-09-24T10:15:41.815317+00:00] helper_port.py class is running.
[2026-09-24T10:15:42.041926+00:00] HtmlToDitaNormalizer HTML normalization complete.
[2026-09-24T10:15:42.042003+00:00] step_normalize_html_complete HTML normalization complete.
[2026-09-24T10:15:42.116517+00:00] TopicSplitter Splitting HTML content into topics.
[2026-09-24T10:15:42.116569+00:00] step_split_topics_started Step 3/7: Splitting document into topics.
[2026-09-24T10:15:42.202113+00:00] TopicSplitter Found 64 topics.
[2026-09-24T10:15:42.202167+00:00] topics_split Document split into 64 topic(s).
[2026-09-24T10:15:42.203105+00:00] TopicWriter Writing topics to .dita files.
[2026-09-24T10:15:42.203145+00:00] step_write_topics_started Step 4/7: Writing 64 topic(s) to DITA files.
[2026-09-24T10:15:42.203875+00:00] TopicWriter Starting to write 64 topics.
[2026-09-24T10:15:42.204084+00:00] TopicWriter Building topic tree hierarchy.
[2026-09-24T10:15:42.204146+00:00] TopicWriter Building topic tree from 64 flat topic(s).
[2026-09-24T10:15:42.204275+00:00] TopicWriter Topic tree built — 8 root node(s).
[2026-09-24T10:15:42.204358+00:00] TopicWriter Assigning output paths to all topics.
[2026-09-24T10:15:42.204460+00:00] TopicWriter Assigning output paths for 8 node(s).
[2026-09-24T10:15:42.204785+00:00] TopicWriter Assigned path for topic 'Printer User's Guide': 'printer_user_s_guide.dita'.
[2026-09-24T10:15:42.205184+00:00] TopicWriter Assigning output paths for 2 node(s).
[2026-09-24T10:15:42.205239+00:00] TopicWriter Assigning output paths for 7 node(s).
[2026-09-24T10:15:42.205278+00:00] TopicWriter Assigned path for topic 'Product Parts - Front': 'product_parts_front.dita'.
[2026-09-24T10:15:42.205403+00:00] TopicWriter Assigned path for topic 'Product Parts - Inside': 'product_parts_inside.dita'.
[2026-09-24T10:15:42.205444+00:00] TopicWriter Assigned path for topic 'Product Parts - Back': 'product_parts_back.dita'.
[2026-09-24T10:15:42.205482+00:00] TopicWriter Assigning output paths for 2 node(s).
[2026-09-24T10:15:42.205529+00:00] TopicWriter Assigned path for topic 'The LCD Screen': 'the_lcd_screen.dita'.
[2026-09-24T10:15:42.205556+00:00] TopicWriter Assigned path for topic 'Status Icon Information': 'status_icon_information.dita'.
[2026-09-24T10:15:42.205566+00:00] TopicWriter Path assignment complete for 2 node(s).
[2026-09-24T10:15:42.205575+00:00] TopicWriter Assigned path for topic 'Using the Control Panel': 'using_the_control_panel.dita'.
[2026-09-24T10:15:42.205602+00:00] TopicWriter Assigned path for topic 'Entering Characters on the LCD Screen': 'entering_characters_on_the_lcd_screen.dita'.
[2026-09-24T10:15:42.206268+00:00] TopicWriter Assigned path for topic 'Changing LCD Screen Language': 'changing_lcd_screen_language.dita'.
[2026-09-24T10:15:42.206320+00:00] TopicWriter Assigned path for topic 'Viewing Animations': 'viewing_animations.dita'.
[2026-09-24T10:15:42.206353+00:00] TopicWriter Path assignment complete for 7 node(s).
[2026-09-24T10:15:42.206367+00:00] TopicWriter Assigned path for topic 'Product Parts Locations': 'product_parts_locations.dita'.
[2026-09-24T10:15:42.206437+00:00] TopicWriter Assigning output paths for 2 node(s).
[2026-09-24T10:15:42.206491+00:00] TopicWriter Assigned path for topic 'Changing the Sleep Timer Setting from the Control Panel': 'changing_the_sleep_timer_setting_from_the_control_panel.dita'.
[2026-09-24T10:15:42.206629+00:00] TopicWriter Assigned path for topic 'Changing the Power Off Timer Setting from the Control Panel': 'changing_the_power_off_timer_setting_from_the_control_panel.dita'.
[2026-09-24T10:15:42.206650+00:00] TopicWriter Path assignment complete for 2 node(s).
[2026-09-24T10:15:42.206661+00:00] TopicWriter Assigned path for topic 'Using Power Saving Settings': 'using_power_saving_settings.dita'.
[2026-09-24T10:15:42.206671+00:00] TopicWriter Path assignment complete for 2 node(s).
[2026-09-24T10:15:42.206685+00:00] TopicWriter Assigned path for topic 'Product Basics': 'product_basics.dita'.
[2026-09-24T10:15:42.206921+00:00] TopicWriter Assigning output paths for 8 node(s).
[2026-09-24T10:15:42.206982+00:00] TopicWriter Assigned path for topic 'Loading Paper in the Rear Paper Feeder': 'loading_paper_in_the_rear_paper_feeder.dita'.
[2026-09-24T10:15:42.207015+00:00] TopicWriter Assigned path for topic 'Paper Loading Capacity': 'paper_loading_capacity.dita'.
[2026-09-24T10:15:42.207044+00:00] TopicWriter Assigned path for topic 'Double-sided Printing Capacity': 'double_sided_printing_capacity.dita'.
[2026-09-24T10:15:42.207074+00:00] TopicWriter Assigned path for topic 'Borderless Paper Type Compatibility': 'borderless_paper_type_compatibility.dita'.
[2026-09-24T10:15:42.207100+00:00] TopicWriter Assigned path for topic 'Compatible MetR Papers': 'compatible_metr_papers.dita'.
[2026-09-24T10:15:42.207129+00:00] TopicWriter Assigning output paths for 1 node(s).
[2026-09-24T10:15:42.207160+00:00] TopicWriter Assigned path for topic 'Paper or Media Type Settings - Control Panel': 'paper_or_media_type_settings_control_panel.dita'.
[2026-09-24T10:15:42.207175+00:00] TopicWriter Path assignment complete for 1 node(s).
[2026-09-24T10:15:42.207185+00:00] TopicWriter Assigned path for topic 'Selecting the Paper Settings - Control Panel': 'selecting_the_paper_settings_control_panel.dita'.
[2026-09-24T10:15:42.207214+00:00] TopicWriter Assigned path for topic 'Paper or Media Type Settings - Printing Software': 'paper_or_media_type_settings_printing_software.dita'.
[2026-09-24T10:15:42.207861+00:00] TopicWriter Assigning output paths for 1 node(s).
[2026-09-24T10:15:42.207916+00:00] TopicWriter Assigned path for topic 'Paper Source Settings Options': 'paper_source_settings_options.dita'.
[2026-09-24T10:15:42.207943+00:00] TopicWriter Path assignment complete for 1 node(s).
[2026-09-24T10:15:42.207955+00:00] TopicWriter Assigned path for topic 'Selecting the Default Paper Source Settings': 'selecting_the_default_paper_source_settings.dita'.
[2026-09-24T10:15:42.207986+00:00] TopicWriter Path assignment complete for 8 node(s).
[2026-09-24T10:15:42.208000+00:00] TopicWriter Assigned path for topic 'Loading Paper': 'loading_paper.dita'.
[2026-09-24T10:15:42.208173+00:00] TopicWriter Assigning output paths for 1 node(s).
[2026-09-24T10:15:42.208229+00:00] TopicWriter Assigned path for topic 'Placing Originals on the Scanner Glass': 'placing_originals_on_the_scanner_glass.dita'.
[2026-09-24T10:15:42.208249+00:00] TopicWriter Path assignment complete for 1 node(s).
[2026-09-24T10:15:42.208259+00:00] TopicWriter Assigned path for topic 'Placing Originals on the Product': 'placing_originals_on_the_product.dita'.
[2026-09-24T10:15:42.208408+00:00] TopicWriter Assigning output paths for 2 node(s).
[2026-09-24T10:15:42.208456+00:00] TopicWriter Assigned path for topic 'Copying Documents or Photos': 'copying_documents_or_photos.dita'.
[2026-09-24T10:15:42.208490+00:00] TopicWriter Assigned path for topic 'Copying Options': 'copying_options.dita'.
[2026-09-24T10:15:42.208502+00:00] TopicWriter Path assignment complete for 2 node(s).
[2026-09-24T10:15:42.208514+00:00] TopicWriter Assigned path for topic 'Copying': 'copying.dita'.
[2026-09-24T10:15:42.208655+00:00] TopicWriter Assigning output paths for 4 node(s).
[2026-09-24T10:15:42.208709+00:00] TopicWriter Assigned path for topic 'Ink Safety Precautions': 'ink_safety_precautions.dita'.
[2026-09-24T10:15:42.208745+00:00] TopicWriter Assigning output paths for 4 node(s).
[2026-09-24T10:15:42.208776+00:00] TopicWriter Assigned path for topic 'Checking Ink Levels on Your Product': 'checking_ink_levels_on_your_product.dita'.
[2026-09-24T10:15:42.208810+00:00] TopicWriter Assigned path for topic 'Checking Ink Levels - Windows': 'checking_ink_levels_windows.dita'.
[2026-09-24T10:15:42.208843+00:00] TopicWriter Assigned path for topic 'Checking Ink Levels - Mac': 'checking_ink_levels_mac.dita'.
[2026-09-24T10:15:42.208875+00:00] TopicWriter Assigned path for topic 'Disabling Special Offers with Windows': 'disabling_special_offers_with_windows.dita'.
[2026-09-24T10:15:42.208887+00:00] TopicWriter Path assignment complete for 4 node(s).
[2026-09-24T10:15:42.208898+00:00] TopicWriter Assigned path for topic 'Check Ink Levels': 'check_ink_levels.dita'.
[2026-09-24T10:15:42.208927+00:00] TopicWriter Assigning output paths for 1 node(s).
[2026-09-24T10:15:42.208955+00:00] TopicWriter Assigned path for topic 'Ink Bottle Part Numbers': 'ink_bottle_part_numbers.dita'.
[2026-09-24T10:15:42.208983+00:00] TopicWriter Path assignment complete for 1 node(s).
[2026-09-24T10:15:42.208997+00:00] TopicWriter Assigned path for topic 'Purchase MetR Ink': 'purchase_metr_ink.dita'.
[2026-09-24T10:15:42.209025+00:00] TopicWriter Assigned path for topic 'Refilling the Ink Tanks': 'refilling_the_ink_tanks.dita'.
[2026-09-24T10:15:42.209036+00:00] TopicWriter Path assignment complete for 4 node(s).
[2026-09-24T10:15:42.209047+00:00] TopicWriter Assigned path for topic 'Refilling Ink': 'refilling_ink.dita'.
[2026-09-24T10:15:42.209192+00:00] TopicWriter Assigning output paths for 5 node(s).
[2026-09-24T10:15:42.209234+00:00] TopicWriter Assigning output paths for 3 node(s).
[2026-09-24T10:15:42.209262+00:00] TopicWriter Assigning output paths for 2 node(s).
[2026-09-24T10:15:42.209291+00:00] TopicWriter Assigned path for topic 'Checking the Nozzles Using the Product Control Panel': 'checking_the_nozzles_using_the_product_control_panel.dita'.
[2026-09-24T10:15:42.209340+00:00] TopicWriter Assigned path for topic 'Checking the Nozzles Using a Computer Utility': 'checking_the_nozzles_using_a_computer_utility.dita'.
[2026-09-24T10:15:42.209356+00:00] TopicWriter Path assignment complete for 2 node(s).
[2026-09-24T10:15:42.209383+00:00] TopicWriter Assigned path for topic 'Print Head Nozzle Check': 'print_head_nozzle_check.dita'.
[2026-09-24T10:15:42.209409+00:00] TopicWriter Assigning output paths for 2 node(s).
[2026-09-24T10:15:42.209447+00:00] TopicWriter Assigned path for topic 'Cleaning the Print Head Using the Product Control Panel': 'cleaning_the_print_head_using_the_product_control_panel.dita'.
[2026-09-24T10:15:42.209482+00:00] TopicWriter Assigned path for topic 'Cleaning the Print Head Using a Computer Utility': 'cleaning_the_print_head_using_a_computer_utility.dita'.
[2026-09-24T10:15:42.209494+00:00] TopicWriter Path assignment complete for 2 node(s).
[2026-09-24T10:15:42.209503+00:00] TopicWriter Assigned path for topic 'Print Head Cleaning': 'print_head_cleaning.dita'.
[2026-09-24T10:15:42.209529+00:00] TopicWriter Assigning output paths for 2 node(s).
[2026-09-24T10:15:42.209566+00:00] TopicWriter Assigned path for topic 'Power Cleaning Using the Product Control Panel': 'power_cleaning_using_the_product_control_panel.dita'.
[2026-09-24T10:15:42.209595+00:00] TopicWriter Assigned path for topic 'Power Cleaning Using a Computer Utility': 'power_cleaning_using_a_computer_utility.dita'.
[2026-09-24T10:15:42.209613+00:00] TopicWriter Path assignment complete for 2 node(s).
[2026-09-24T10:15:42.209623+00:00] TopicWriter Assigned path for topic 'Power Cleaning': 'power_cleaning.dita'.
[2026-09-24T10:15:42.209633+00:00] TopicWriter Path assignment complete for 3 node(s).
[2026-09-24T10:15:42.209643+00:00] TopicWriter Assigned path for topic 'Print Head Maintenance': 'print_head_maintenance.dita'.
[2026-09-24T10:15:42.209675+00:00] TopicWriter Assigning output paths for 1 node(s).
[2026-09-24T10:15:42.209711+00:00] TopicWriter Assigned path for topic 'Aligning the Print Head Using the Product Control Panel': 'aligning_the_print_head_using_the_product_control_panel.dita'.
[2026-09-24T10:15:42.209722+00:00] TopicWriter Path assignment complete for 1 node(s).
[2026-09-24T10:15:42.209733+00:00] TopicWriter Assigned path for topic 'Print Head Alignment': 'print_head_alignment.dita'.
[2026-09-24T10:15:42.209763+00:00] TopicWriter Assigned path for topic 'Cleaning the Paper Guide': 'cleaning_the_paper_guide.dita'.
[2026-09-24T10:15:42.209790+00:00] TopicWriter Assigned path for topic 'Cleaning the Print Head Path': 'cleaning_the_print_head_path.dita'.
[2026-09-24T10:15:42.209823+00:00] TopicWriter Assigning output paths for 3 node(s).
[2026-09-24T10:15:42.209856+00:00] TopicWriter Assigned path for topic 'Checking the Number of Sheets on the LCD Screen': 'checking_the_number_of_sheets_on_the_lcd_screen.dita'.
[2026-09-24T10:15:42.209884+00:00] TopicWriter Assigned path for topic 'Checking the Sheet Counter - Windows': 'checking_the_sheet_counter_windows.dita'.
[2026-09-24T10:15:42.210536+00:00] TopicWriter Assigned path for topic 'Checking the Sheet Counter - Mac': 'checking_the_sheet_counter_mac.dita'.
[2026-09-24T10:15:42.210562+00:00] TopicWriter Path assignment complete for 3 node(s).
[2026-09-24T10:15:42.210573+00:00] TopicWriter Assigned path for topic 'Checking the Number of Sheets Fed': 'checking_the_number_of_sheets_fed.dita'.
[2026-09-24T10:15:42.210582+00:00] TopicWriter Path assignment complete for 5 node(s).
[2026-09-24T10:15:42.210592+00:00] TopicWriter Assigned path for topic 'Adjusting Print Quality': 'adjusting_print_quality.dita'.
[2026-09-24T10:15:42.210758+00:00] TopicWriter Assigning output paths for 3 node(s).
[2026-09-24T10:15:42.210811+00:00] TopicWriter Assigned path for topic 'Cleaning Your Product': 'cleaning_your_product.dita'.
[2026-09-24T10:15:42.210844+00:00] TopicWriter Assigned path for topic 'Transporting Your Product': 'transporting_your_product.dita'.
[2026-09-24T10:15:42.210868+00:00] TopicWriter Assigned path for topic 'Copyright Notice': 'copyright_notice.dita'.
[2026-09-24T10:15:42.210882+00:00] TopicWriter Path assignment complete for 3 node(s).
[2026-09-24T10:15:42.210897+00:00] TopicWriter Assigned path for topic 'Cleaning and Transporting Your Product': 'cleaning_and_transporting_your_product.dita'.
[2026-09-24T10:15:42.210907+00:00] TopicWriter Path assignment complete for 8 node(s).
[2026-09-24T10:15:42.210924+00:00] TopicWriter Walking topic tree and writing DITA files.
[2026-09-24T10:15:42.210947+00:00] TopicWriter Writing topic 'Printer User's Guide' to .dita file.
[2026-09-24T10:15:42.210981+00:00] TopicWriter Skipping .dita write for doctitle 'Printer User's Guide' — no body content (Condition 2).
[2026-09-24T10:15:42.211000+00:00] TopicWriter Writing topic 'Product Basics' to .dita file.
[2026-09-24T10:15:42.211016+00:00] topic_structure Converting HTML fragment to DITA body.
[2026-09-24T10:15:42.211357+00:00] topic_structure No section headings found — rendering flat body.
[2026-09-24T10:15:42.211442+00:00] topic_structure Flat DITA body rendered successfully.
[2026-09-24T10:15:42.211752+00:00] TopicWriter Topic 'product_basics.dita' written successfully.
[2026-09-24T10:15:42.211792+00:00] TopicWriter Writing topic 'Product Parts Locations' to .dita file.
[2026-09-24T10:15:42.211806+00:00] topic_structure Converting HTML fragment to DITA body.
[2026-09-24T10:15:42.212067+00:00] topic_structure No section headings found — rendering flat body.
[2026-09-24T10:15:42.212133+00:00] topic_structure Flat DITA body rendered successfully.
[2026-09-24T10:15:42.212431+00:00] TopicWriter Topic 'product_parts_locations.dita' written successfully.
[2026-09-24T10:15:42.212468+00:00] TopicWriter Writing topic 'Product Parts - Front' to .dita file.
[2026-09-24T10:15:42.212489+00:00] topic_structure Converting HTML fragment to DITA body.
[2026-09-24T10:15:42.212994+00:00] topic_structure No section headings found — rendering flat body.
[2026-09-24T10:15:42.213164+00:00] topic_structure Flat DITA body rendered successfully.
[2026-09-24T10:15:42.213201+00:00] topic_structure Running convert_ol_to_steps on DITA body.
[2026-09-24T10:15:42.213665+00:00] topic_structure Converting <ol> list to DITA <steps>.
[2026-09-24T10:15:42.213802+00:00] topic_structure <steps> block built with 5 step(s).
[2026-09-24T10:15:42.213837+00:00] topic_structure convert_ol_to_steps completed.
[2026-09-24T10:15:42.213851+00:00] topic_structure Partitioning task body into context/steps/result.
[2026-09-24T10:15:42.215535+00:00] topic_structure Taskbody partitioning complete.
[2026-09-24T10:15:42.215887+00:00] TopicWriter Topic 'product_parts_front.dita' written successfully.
[2026-09-24T10:15:42.215925+00:00] TopicWriter Writing topic 'Product Parts - Inside' to .dita file.
[2026-09-24T10:15:42.215941+00:00] topic_structure Converting HTML fragment to DITA body.
[2026-09-24T10:15:42.216756+00:00] topic_structure No section headings found — rendering flat body.
[2026-09-24T10:15:42.217047+00:00] topic_structure Flat DITA body rendered successfully.
[2026-09-24T10:15:42.217087+00:00] topic_structure Running convert_ol_to_steps on DITA body.
[2026-09-24T10:15:42.218062+00:00] topic_structure Converting <ol> list to DITA <steps>.
[2026-09-24T10:15:42.218170+00:00] topic_structure <steps> block built with 4 step(s).
[2026-09-24T10:15:42.218276+00:00] topic_structure Converting <ol> list to DITA <steps>.
[2026-09-24T10:15:42.218366+00:00] topic_structure <steps> block built with 4 step(s).
[2026-09-24T10:15:42.218396+00:00] topic_structure convert_ol_to_steps completed.
[2026-09-24T10:15:42.218420+00:00] topic_structure Partitioning task body into context/steps/result.
[2026-09-24T10:15:42.221398+00:00] topic_structure Taskbody partitioning complete.
[2026-09-24T10:15:42.221811+00:00] TopicWriter Topic 'product_parts_inside.dita' written successfully.
[2026-09-24T10:15:42.221859+00:00] TopicWriter Writing topic 'Product Parts - Back' to .dita file.
[2026-09-24T10:15:42.221883+00:00] topic_structure Converting HTML fragment to DITA body.
[2026-09-24T10:15:42.222545+00:00] topic_structure No section headings found — rendering flat body.
[2026-09-24T10:15:42.222736+00:00] topic_structure Flat DITA body rendered successfully.
[2026-09-24T10:15:42.222817+00:00] topic_structure Running convert_ol_to_steps on DITA body.
[2026-09-24T10:15:42.223560+00:00] topic_structure Converting <ol> list to DITA <steps>.
[2026-09-24T10:15:42.223961+00:00] topic_structure <steps> block built with 3 step(s).
[2026-09-24T10:15:42.224007+00:00] topic_structure convert_ol_to_steps completed.
[2026-09-24T10:15:42.224021+00:00] topic_structure Partitioning task body into context/steps/result.
[2026-09-24T10:15:42.225775+00:00] topic_structure Taskbody partitioning complete.
[2026-09-24T10:15:42.226114+00:00] TopicWriter Topic 'product_parts_back.dita' written successfully.
[2026-09-24T10:15:42.226157+00:00] TopicWriter Writing topic 'Using the Control Panel' to .dita file.
[2026-09-24T10:15:42.226177+00:00] topic_structure Converting HTML fragment to DITA body.
[2026-09-24T10:15:42.227094+00:00] topic_structure No section headings found — rendering flat body.
[2026-09-24T10:15:42.227335+00:00] topic_structure Flat DITA body rendered successfully.
[2026-09-24T10:15:42.227383+00:00] topic_structure Running convert_ol_to_steps on DITA body.
[2026-09-24T10:15:42.228283+00:00] topic_structure Converting <ol> list to DITA <steps>.
[2026-09-24T10:15:42.228712+00:00] topic_structure <steps> block built with 9 step(s).
[2026-09-24T10:15:42.228744+00:00] topic_structure convert_ol_to_steps completed.
[2026-09-24T10:15:42.228759+00:00] topic_structure Partitioning task body into context/steps/result.
[2026-09-24T10:15:42.232312+00:00] topic_structure Taskbody partitioning complete.
[2026-09-24T10:15:42.232741+00:00] TopicWriter Topic 'using_the_control_panel.dita' written successfully.
[2026-09-24T10:15:42.232791+00:00] TopicWriter Writing topic 'The LCD Screen' to .dita file.
[2026-09-24T10:15:42.232811+00:00] topic_structure Converting HTML fragment to DITA body.
[2026-09-24T10:15:42.233280+00:00] topic_structure No section headings found — rendering flat body.
[2026-09-24T10:15:42.233450+00:00] topic_structure Flat DITA body rendered successfully.
[2026-09-24T10:15:42.233504+00:00] topic_structure Running convert_ol_to_steps on DITA body.
[2026-09-24T10:15:42.234012+00:00] topic_structure Converting <ol> list to DITA <steps>.
[2026-09-24T10:15:42.234111+00:00] topic_structure <steps> block built with 4 step(s).
[2026-09-24T10:15:42.234140+00:00] topic_structure convert_ol_to_steps completed.
[2026-09-24T10:15:42.234160+00:00] topic_structure Partitioning task body into context/steps/result.
[2026-09-24T10:15:42.235591+00:00] topic_structure Taskbody partitioning complete.
[2026-09-24T10:15:42.235921+00:00] TopicWriter Topic 'the_lcd_screen.dita' written successfully.
[2026-09-24T10:15:42.235983+00:00] TopicWriter Writing topic 'Status Icon Information' to .dita file.
[2026-09-24T10:15:42.236013+00:00] topic_structure Converting HTML fragment to DITA body.
[2026-09-24T10:15:42.236933+00:00] topic_structure No section headings found — rendering flat body.
[2026-09-24T10:15:42.237418+00:00] topic_structure Flat DITA body rendered successfully.
[2026-09-24T10:15:42.237507+00:00] topic_structure Ensuring <refbody> content is correctly wrapped in a <section> element.
[2026-09-24T10:15:42.238805+00:00] topic_structure Wrapped <refbody> content in a single <section>.
[2026-09-24T10:15:42.239138+00:00] TopicWriter Topic 'status_icon_information.dita' written successfully.
[2026-09-24T10:15:42.239182+00:00] TopicWriter Writing topic 'Entering Characters on the LCD Screen' to .dita file.
[2026-09-24T10:15:42.239202+00:00] topic_structure Converting HTML fragment to DITA body.
[2026-09-24T10:15:42.239962+00:00] topic_structure No section headings found — rendering flat body.
[2026-09-24T10:15:42.240230+00:00] topic_structure Flat DITA body rendered successfully.
[2026-09-24T10:15:42.240510+00:00] TopicWriter Topic 'entering_characters_on_the_lcd_screen.dita' written successfully.
[2026-09-24T10:15:42.240546+00:00] TopicWriter Writing topic 'Changing LCD Screen Language' to .dita file.
[2026-09-24T10:15:42.240561+00:00] topic_structure Converting HTML fragment to DITA body.
[2026-09-24T10:15:42.241301+00:00] topic_structure No section headings found — rendering flat body.
[2026-09-24T10:15:42.241493+00:00] topic_structure Flat DITA body rendered successfully.
[2026-09-24T10:15:42.241532+00:00] topic_structure Running convert_ol_to_steps on DITA body.
[2026-09-24T10:15:42.242169+00:00] topic_structure Converting <ol> list to DITA <steps>.
[2026-09-24T10:15:42.242560+00:00] topic_structure <steps> block built with 4 step(s).
[2026-09-24T10:15:42.242589+00:00] topic_structure convert_ol_to_steps completed.
[2026-09-24T10:15:42.242604+00:00] topic_structure Partitioning task body into context/steps/result.
[2026-09-24T10:15:42.245129+00:00] topic_structure Taskbody partitioning complete.
[2026-09-24T10:15:42.245493+00:00] TopicWriter Topic 'changing_lcd_screen_language.dita' written successfully.
[2026-09-24T10:15:42.245531+00:00] TopicWriter Writing topic 'Viewing Animations' to .dita file.
[2026-09-24T10:15:42.245546+00:00] topic_structure Converting HTML fragment to DITA body.
[2026-09-24T10:15:42.246185+00:00] topic_structure No section headings found — rendering flat body.
[2026-09-24T10:15:42.246344+00:00] topic_structure Flat DITA body rendered successfully.
[2026-09-24T10:15:42.246378+00:00] topic_structure Running convert_ol_to_steps on DITA body.
[2026-09-24T10:15:42.246841+00:00] topic_structure Converting <ol> list to DITA <steps>.
[2026-09-24T10:15:42.247124+00:00] topic_structure <steps> block built with 3 step(s).
[2026-09-24T10:15:42.247154+00:00] topic_structure convert_ol_to_steps completed.
[2026-09-24T10:15:42.247167+00:00] topic_structure Partitioning task body into context/steps/result.
[2026-09-24T10:15:42.248908+00:00] topic_structure Taskbody partitioning complete.
[2026-09-24T10:15:42.249256+00:00] TopicWriter Topic 'viewing_animations.dita' written successfully.
[2026-09-24T10:15:42.249313+00:00] TopicWriter Writing topic 'Using Power Saving Settings' to .dita file.
[2026-09-24T10:15:42.249333+00:00] topic_structure Converting HTML fragment to DITA body.
[2026-09-24T10:15:42.249588+00:00] topic_structure No section headings found — rendering flat body.
[2026-09-24T10:15:42.249651+00:00] topic_structure Flat DITA body rendered successfully.
[2026-09-24T10:15:42.249928+00:00] TopicWriter Topic 'using_power_saving_settings.dita' written successfully.
[2026-09-24T10:15:42.249979+00:00] TopicWriter Writing topic 'Changing the Sleep Timer Setting from the Control Panel' to .dita file.
[2026-09-24T10:15:42.249996+00:00] topic_structure Converting HTML fragment to DITA body.
[2026-09-24T10:15:42.251121+00:00] topic_structure No section headings found — rendering flat body.
[2026-09-24T10:15:42.251390+00:00] topic_structure Flat DITA body rendered successfully.
[2026-09-24T10:15:42.251427+00:00] topic_structure Running convert_ol_to_steps on DITA body.
[2026-09-24T10:15:42.252349+00:00] topic_structure Converting <ol> list to DITA <steps>.
[2026-09-24T10:15:42.252755+00:00] topic_structure Processing nested <ol> as DITA <substeps>.
[2026-09-24T10:15:42.252899+00:00] topic_structure <steps> block built with 4 step(s).
[2026-09-24T10:15:42.252925+00:00] topic_structure convert_ol_to_steps completed.
[2026-09-24T10:15:42.252940+00:00] topic_structure Partitioning task body into context/steps/result.
[2026-09-24T10:15:42.256517+00:00] topic_structure Taskbody partitioning complete.
[2026-09-24T10:15:42.256903+00:00] TopicWriter Topic 'changing_the_sleep_timer_setting_from_the_control_panel.dita' written successfully.
[2026-09-24T10:15:42.256942+00:00] TopicWriter Writing topic 'Changing the Power Off Timer Setting from the Control Panel' to .dita file.
[2026-09-24T10:15:42.256958+00:00] topic_structure Converting HTML fragment to DITA body.
[2026-09-24T10:15:42.257932+00:00] topic_structure No section headings found — rendering flat body.
[2026-09-24T10:15:42.258162+00:00] topic_structure Flat DITA body rendered successfully.
[2026-09-24T10:15:42.258200+00:00] topic_structure Running convert_ol_to_steps on DITA body.
[2026-09-24T10:15:42.258822+00:00] topic_structure Converting <ol> list to DITA <steps>.
[2026-09-24T10:15:42.259258+00:00] topic_structure <steps> block built with 4 step(s).
[2026-09-24T10:15:42.259288+00:00] topic_structure convert_ol_to_steps completed.
[2026-09-24T10:15:42.259302+00:00] topic_structure Partitioning task body into context/steps/result.
[2026-09-24T10:15:42.261768+00:00] topic_structure Taskbody partitioning complete.
[2026-09-24T10:15:42.262126+00:00] TopicWriter Topic 'changing_the_power_off_timer_setting_from_the_control_panel.dita' written successfully.
[2026-09-24T10:15:42.262166+00:00] TopicWriter Writing topic 'Loading Paper' to .dita file.
[2026-09-24T10:15:42.262181+00:00] topic_structure Converting HTML fragment to DITA body.
[2026-09-24T10:15:42.262391+00:00] topic_structure No section headings found — rendering flat body.
[2026-09-24T10:15:42.262454+00:00] topic_structure Flat DITA body rendered successfully.
[2026-09-24T10:15:42.262742+00:00] TopicWriter Topic 'loading_paper.dita' written successfully.
[2026-09-24T10:15:42.262776+00:00] TopicWriter Writing topic 'Loading Paper in the Rear Paper Feeder' to .dita file.
[2026-09-24T10:15:42.262798+00:00] topic_structure Converting HTML fragment to DITA body.
[2026-09-24T10:15:42.266172+00:00] topic_structure No section headings found — rendering flat body.
[2026-09-24T10:15:42.266868+00:00] topic_structure Flat DITA body rendered successfully.
[2026-09-24T10:15:42.266921+00:00] topic_structure Running convert_ol_to_steps on DITA body.
[2026-09-24T10:15:42.269247+00:00] topic_structure Converting <ol> list to DITA <steps>.
[2026-09-24T10:15:42.269339+00:00] topic_structure <steps> block built with 1 step(s).
[2026-09-24T10:15:42.269496+00:00] topic_structure Converting <ol> list to DITA <steps>.
[2026-09-24T10:15:42.269569+00:00] topic_structure <steps> block built with 1 step(s).
[2026-09-24T10:15:42.269736+00:00] topic_structure Converting <ol> list to DITA <steps>.
[2026-09-24T10:15:42.269805+00:00] topic_structure <steps> block built with 1 step(s).
[2026-09-24T10:15:42.270021+00:00] topic_structure Converting <ol> list to DITA <steps>.
[2026-09-24T10:15:42.270087+00:00] topic_structure <steps> block built with 1 step(s).
[2026-09-24T10:15:42.270443+00:00] topic_structure Converting <ol> list to DITA <steps>.
[2026-09-24T10:15:42.270510+00:00] topic_structure <steps> block built with 1 step(s).
[2026-09-24T10:15:42.270687+00:00] topic_structure Converting <ol> list to DITA <steps>.
[2026-09-24T10:15:42.270761+00:00] topic_structure <steps> block built with 1 step(s).
[2026-09-24T10:15:42.270882+00:00] topic_structure Converting <ol> list to DITA <steps>.
[2026-09-24T10:15:42.271029+00:00] topic_structure <steps> block built with 1 step(s).
[2026-09-24T10:15:42.271125+00:00] topic_structure Converting <ol> list to DITA <steps>.
[2026-09-24T10:15:42.271202+00:00] topic_structure <steps> block built with 1 step(s).
[2026-09-24T10:15:42.271494+00:00] topic_structure convert_ol_to_steps completed.
[2026-09-24T10:15:42.271523+00:00] topic_structure Partitioning task body into context/steps/result.
[2026-09-24T10:15:42.278474+00:00] topic_structure Taskbody partitioning complete.
[2026-09-24T10:15:42.279126+00:00] TopicWriter Topic 'loading_paper_in_the_rear_paper_feeder.dita' written successfully.
[2026-09-24T10:15:42.279166+00:00] TopicWriter Writing topic 'Paper Loading Capacity' to .dita file.
[2026-09-24T10:15:42.279183+00:00] topic_structure Converting HTML fragment to DITA body.
[2026-09-24T10:15:42.280400+00:00] topic_structure No section headings found — rendering flat body.
[2026-09-24T10:15:42.281041+00:00] topic_structure Flat DITA body rendered successfully.
[2026-09-24T10:15:42.281187+00:00] topic_structure Ensuring <refbody> content is correctly wrapped in a <section> element.
[2026-09-24T10:15:42.282833+00:00] topic_structure Wrapped <refbody> content in a single <section>.
[2026-09-24T10:15:42.283194+00:00] TopicWriter Topic 'paper_loading_capacity.dita' written successfully.
[2026-09-24T10:15:42.283231+00:00] TopicWriter Writing topic 'Double-sided Printing Capacity' to .dita file.
[2026-09-24T10:15:42.283251+00:00] topic_structure Converting HTML fragment to DITA body.
[2026-09-24T10:15:42.286189+00:00] topic_structure No section headings found — rendering flat body.
[2026-09-24T10:15:42.287369+00:00] topic_structure Flat DITA body rendered successfully.
[2026-09-24T10:15:42.287957+00:00] TopicWriter Topic 'double_sided_printing_capacity.dita' written successfully.
[2026-09-24T10:15:42.288028+00:00] TopicWriter Writing topic 'Borderless Paper Type Compatibility' to .dita file.
[2026-09-24T10:15:42.288049+00:00] topic_structure Converting HTML fragment to DITA body.
[2026-09-24T10:15:42.289096+00:00] topic_structure No section headings found — rendering flat body.
[2026-09-24T10:15:42.289396+00:00] topic_structure Flat DITA body rendered successfully.
[2026-09-24T10:15:42.289720+00:00] TopicWriter Topic 'borderless_paper_type_compatibility.dita' written successfully.
[2026-09-24T10:15:42.289756+00:00] TopicWriter Writing topic 'Compatible MetR Papers' to .dita file.
[2026-09-24T10:15:42.289773+00:00] topic_structure Converting HTML fragment to DITA body.
[2026-09-24T10:15:42.293228+00:00] topic_structure No section headings found — rendering flat body.
[2026-09-24T10:15:42.294505+00:00] topic_structure Flat DITA body rendered successfully.
[2026-09-24T10:15:42.294730+00:00] topic_structure Ensuring <refbody> content is correctly wrapped in a <section> element.
[2026-09-24T10:15:42.299327+00:00] topic_structure Wrapped <refbody> content in a single <section>.
[2026-09-24T10:15:42.299705+00:00] TopicWriter Topic 'compatible_metr_papers.dita' written successfully.
[2026-09-24T10:15:42.299743+00:00] TopicWriter Writing topic 'Selecting the Paper Settings - Control Panel' to .dita file.
[2026-09-24T10:15:42.299759+00:00] topic_structure Converting HTML fragment to DITA body.
[2026-09-24T10:15:42.301335+00:00] topic_structure No section headings found — rendering flat body.
[2026-09-24T10:15:42.301648+00:00] topic_structure Flat DITA body rendered successfully.
[2026-09-24T10:15:42.301688+00:00] topic_structure Running convert_ol_to_steps on DITA body.
[2026-09-24T10:15:42.302674+00:00] topic_structure Converting <ol> list to DITA <steps>.
[2026-09-24T10:15:42.303118+00:00] topic_structure <steps> block built with 2 step(s).
[2026-09-24T10:15:42.303209+00:00] topic_structure Converting <ol> list to DITA <steps>.
[2026-09-24T10:15:42.303538+00:00] topic_structure <steps> block built with 5 step(s).
[2026-09-24T10:15:42.303569+00:00] topic_structure convert_ol_to_steps completed.
[2026-09-24T10:15:42.303583+00:00] topic_structure Partitioning task body into context/steps/result.
[2026-09-24T10:15:42.307458+00:00] topic_structure Taskbody partitioning complete.
[2026-09-24T10:15:42.307895+00:00] TopicWriter Topic 'selecting_the_paper_settings_control_panel.dita' written successfully.
[2026-09-24T10:15:42.307936+00:00] TopicWriter Writing topic 'Paper or Media Type Settings - Control Panel' to .dita file.
[2026-09-24T10:15:42.308010+00:00] topic_structure Converting HTML fragment to DITA body.
[2026-09-24T10:15:42.309367+00:00] topic_structure No section headings found — rendering flat body.
[2026-09-24T10:15:42.310000+00:00] topic_structure Flat DITA body rendered successfully.
[2026-09-24T10:15:42.310098+00:00] topic_structure Ensuring <refbody> content is correctly wrapped in a <section> element.
[2026-09-24T10:15:42.311846+00:00] topic_structure Wrapped <refbody> content in a single <section>.
[2026-09-24T10:15:42.312147+00:00] TopicWriter Topic 'paper_or_media_type_settings_control_panel.dita' written successfully.
[2026-09-24T10:15:42.312185+00:00] TopicWriter Writing topic 'Paper or Media Type Settings - Printing Software' to .dita file.
[2026-09-24T10:15:42.312202+00:00] topic_structure Converting HTML fragment to DITA body.
[2026-09-24T10:15:42.314205+00:00] topic_structure No section headings found — rendering flat body.
[2026-09-24T10:15:42.314922+00:00] topic_structure Flat DITA body rendered successfully.
[2026-09-24T10:15:42.315039+00:00] topic_structure Ensuring <refbody> content is correctly wrapped in a <section> element.
[2026-09-24T10:15:42.317415+00:00] topic_structure Wrapped <refbody> content in a single <section>.
[2026-09-24T10:15:42.317751+00:00] TopicWriter Topic 'paper_or_media_type_settings_printing_software.dita' written successfully.
[2026-09-24T10:15:42.317789+00:00] TopicWriter Writing topic 'Selecting the Default Paper Source Settings' to .dita file.
[2026-09-24T10:15:42.317805+00:00] topic_structure Converting HTML fragment to DITA body.
[2026-09-24T10:15:42.318850+00:00] topic_structure No section headings found — rendering flat body.
[2026-09-24T10:15:42.319166+00:00] topic_structure Flat DITA body rendered successfully.
[2026-09-24T10:15:42.319203+00:00] topic_structure Running convert_ol_to_steps on DITA body.
[2026-09-24T10:15:42.320023+00:00] topic_structure Converting <ol> list to DITA <steps>.
[2026-09-24T10:15:42.320380+00:00] topic_structure <steps> block built with 3 step(s).
[2026-09-24T10:15:42.320475+00:00] topic_structure Converting <ol> list to DITA <steps>.
[2026-09-24T10:15:42.320751+00:00] topic_structure <steps> block built with 2 step(s).
[2026-09-24T10:15:42.320779+00:00] topic_structure convert_ol_to_steps completed.
[2026-09-24T10:15:42.320793+00:00] topic_structure Partitioning task body into context/steps/result.
[2026-09-24T10:15:42.323903+00:00] topic_structure Taskbody partitioning complete.
[2026-09-24T10:15:42.324340+00:00] TopicWriter Topic 'selecting_the_default_paper_source_settings.dita' written successfully.
[2026-09-24T10:15:42.324380+00:00] TopicWriter Writing topic 'Paper Source Settings Options' to .dita file.
[2026-09-24T10:15:42.324397+00:00] topic_structure Converting HTML fragment to DITA body.
[2026-09-24T10:15:42.326295+00:00] topic_structure No section headings found — rendering flat body.
[2026-09-24T10:15:42.326913+00:00] topic_structure Flat DITA body rendered successfully.
[2026-09-24T10:15:42.327023+00:00] topic_structure Ensuring <refbody> content is correctly wrapped in a <section> element.
[2026-09-24T10:15:42.329330+00:00] topic_structure Wrapped <refbody> content in a single <section>.
[2026-09-24T10:15:42.329658+00:00] TopicWriter Topic 'paper_source_settings_options.dita' written successfully.
[2026-09-24T10:15:42.329697+00:00] TopicWriter Writing topic 'Placing Originals on the Product' to .dita file.
[2026-09-24T10:15:42.329714+00:00] topic_structure Converting HTML fragment to DITA body.
[2026-09-24T10:15:42.330119+00:00] topic_structure No section headings found — rendering flat body.
[2026-09-24T10:15:42.330200+00:00] topic_structure Flat DITA body rendered successfully.
[2026-09-24T10:15:42.330504+00:00] TopicWriter Topic 'placing_originals_on_the_product.dita' written successfully.
[2026-09-24T10:15:42.330541+00:00] TopicWriter Writing topic 'Placing Originals on the Scanner Glass' to .dita file.
[2026-09-24T10:15:42.330558+00:00] topic_structure Converting HTML fragment to DITA body.
[2026-09-24T10:15:42.332002+00:00] topic_structure No section headings found — rendering flat body.
[2026-09-24T10:15:42.332292+00:00] topic_structure Flat DITA body rendered successfully.
[2026-09-24T10:15:42.332390+00:00] topic_structure Running convert_ol_to_steps on DITA body.
[2026-09-24T10:15:42.333241+00:00] topic_structure Converting <ol> list to DITA <steps>.
[2026-09-24T10:15:42.333353+00:00] topic_structure <steps> block built with 1 step(s).
[2026-09-24T10:15:42.333496+00:00] topic_structure Converting <ol> list to DITA <steps>.
[2026-09-24T10:15:42.333571+00:00] topic_structure <steps> block built with 1 step(s).
[2026-09-24T10:15:42.333884+00:00] topic_structure Converting <ol> list to DITA <steps>.
[2026-09-24T10:15:42.333957+00:00] topic_structure <steps> block built with 1 step(s).
[2026-09-24T10:15:42.334114+00:00] topic_structure convert_ol_to_steps completed.
[2026-09-24T10:15:42.334140+00:00] topic_structure Partitioning task body into context/steps/result.
[2026-09-24T10:15:42.336374+00:00] topic_structure Taskbody partitioning complete.
[2026-09-24T10:15:42.336826+00:00] TopicWriter Topic 'placing_originals_on_the_scanner_glass.dita' written successfully.
[2026-09-24T10:15:42.336867+00:00] TopicWriter Writing topic 'Copying' to .dita file.
[2026-09-24T10:15:42.336882+00:00] topic_structure Converting HTML fragment to DITA body.
[2026-09-24T10:15:42.337252+00:00] topic_structure No section headings found — rendering flat body.
[2026-09-24T10:15:42.337355+00:00] topic_structure Flat DITA body rendered successfully.
[2026-09-24T10:15:42.337780+00:00] TopicWriter Topic 'copying.dita' written successfully.
[2026-09-24T10:15:42.337802+00:00] TopicWriter Writing topic 'Copying Documents or Photos' to .dita file.
[2026-09-24T10:15:42.337812+00:00] topic_structure Converting HTML fragment to DITA body.
[2026-09-24T10:15:42.339283+00:00] topic_structure No section headings found — rendering flat body.
[2026-09-24T10:15:42.339661+00:00] topic_structure Flat DITA body rendered successfully.
[2026-09-24T10:15:42.339700+00:00] topic_structure Running convert_ol_to_steps on DITA body.
[2026-09-24T10:15:42.340873+00:00] topic_structure Converting <ol> list to DITA <steps>.
[2026-09-24T10:15:42.341152+00:00] topic_structure <steps> block built with 4 step(s).
[2026-09-24T10:15:42.341242+00:00] topic_structure Converting <ol> list to DITA <steps>.
[2026-09-24T10:15:42.341411+00:00] topic_structure <steps> block built with 2 step(s).
[2026-09-24T10:15:42.341553+00:00] topic_structure Converting <ol> list to DITA <steps>.
[2026-09-24T10:15:42.341698+00:00] topic_structure <steps> block built with 1 step(s).
[2026-09-24T10:15:42.341801+00:00] topic_structure Converting <ol> list to DITA <steps>.
[2026-09-24T10:15:42.341883+00:00] topic_structure <steps> block built with 1 step(s).
[2026-09-24T10:15:42.342005+00:00] topic_structure Converting <ol> list to DITA <steps>.
[2026-09-24T10:15:42.342204+00:00] topic_structure <steps> block built with 2 step(s).
[2026-09-24T10:15:42.342269+00:00] topic_structure convert_ol_to_steps completed.
[2026-09-24T10:15:42.342289+00:00] topic_structure Partitioning task body into context/steps/result.
[2026-09-24T10:15:42.346782+00:00] topic_structure Taskbody partitioning complete.
[2026-09-24T10:15:42.347284+00:00] TopicWriter Topic 'copying_documents_or_photos.dita' written successfully.
[2026-09-24T10:15:42.347326+00:00] TopicWriter Writing topic 'Copying Options' to .dita file.
[2026-09-24T10:15:42.347343+00:00] topic_structure Converting HTML fragment to DITA body.
[2026-09-24T10:15:42.350955+00:00] topic_structure No section headings found — rendering flat body.
[2026-09-24T10:15:42.351909+00:00] topic_structure Flat DITA body rendered successfully.
[2026-09-24T10:15:42.352068+00:00] topic_structure Ensuring <refbody> content is correctly wrapped in a <section> element.
[2026-09-24T10:15:42.355359+00:00] topic_structure Wrapped <refbody> content in a single <section>.
[2026-09-24T10:15:42.355662+00:00] TopicWriter Topic 'copying_options.dita' written successfully.
[2026-09-24T10:15:42.355701+00:00] TopicWriter Writing topic 'Refilling Ink' to .dita file.
[2026-09-24T10:15:42.355719+00:00] topic_structure Converting HTML fragment to DITA body.
[2026-09-24T10:15:42.356087+00:00] topic_structure No section headings found — rendering flat body.
[2026-09-24T10:15:42.356180+00:00] topic_structure Flat DITA body rendered successfully.
[2026-09-24T10:15:42.356418+00:00] TopicWriter Topic 'refilling_ink.dita' written successfully.
[2026-09-24T10:15:42.356454+00:00] TopicWriter Writing topic 'Ink Safety Precautions' to .dita file.
[2026-09-24T10:15:42.356475+00:00] topic_structure Converting HTML fragment to DITA body.
[2026-09-24T10:15:42.433567+00:00] topic_structure No section headings found — rendering flat body.
[2026-09-24T10:15:42.434073+00:00] topic_structure Flat DITA body rendered successfully.
[2026-09-24T10:15:42.434612+00:00] TopicWriter Topic 'ink_safety_precautions.dita' written successfully.
[2026-09-24T10:15:42.434656+00:00] TopicWriter Writing topic 'Check Ink Levels' to .dita file.
[2026-09-24T10:15:42.434671+00:00] topic_structure Converting HTML fragment to DITA body.
[2026-09-24T10:15:42.434926+00:00] topic_structure No section headings found — rendering flat body.
[2026-09-24T10:15:42.435004+00:00] topic_structure Flat DITA body rendered successfully.
[2026-09-24T10:15:42.435280+00:00] TopicWriter Topic 'check_ink_levels.dita' written successfully.
[2026-09-24T10:15:42.435316+00:00] TopicWriter Writing topic 'Checking Ink Levels on Your Product' to .dita file.
[2026-09-24T10:15:42.435332+00:00] topic_structure Converting HTML fragment to DITA body.
[2026-09-24T10:15:42.435774+00:00] topic_structure No section headings found — rendering flat body.
[2026-09-24T10:15:42.435876+00:00] topic_structure Flat DITA body rendered successfully.
[2026-09-24T10:15:42.436161+00:00] TopicWriter Topic 'checking_ink_levels_on_your_product.dita' written successfully.
[2026-09-24T10:15:42.436195+00:00] TopicWriter Writing topic 'Checking Ink Levels - Windows' to .dita file.
[2026-09-24T10:15:42.436208+00:00] topic_structure Converting HTML fragment to DITA body.
[2026-09-24T10:15:42.436848+00:00] topic_structure No section headings found — rendering flat body.
[2026-09-24T10:15:42.437063+00:00] topic_structure Flat DITA body rendered successfully.
[2026-09-24T10:15:42.437099+00:00] topic_structure Running convert_ol_to_steps on DITA body.
[2026-09-24T10:15:42.437638+00:00] topic_structure Converting <ol> list to DITA <steps>.
[2026-09-24T10:15:42.437865+00:00] topic_structure <steps> block built with 1 step(s).
[2026-09-24T10:15:42.438010+00:00] topic_structure Converting <ol> list to DITA <steps>.
[2026-09-24T10:15:42.438083+00:00] topic_structure <steps> block built with 1 step(s).
[2026-09-24T10:15:42.438152+00:00] topic_structure convert_ol_to_steps completed.
[2026-09-24T10:15:42.438185+00:00] topic_structure Partitioning task body into context/steps/result.
[2026-09-24T10:15:42.439887+00:00] topic_structure Taskbody partitioning complete.
[2026-09-24T10:15:42.440189+00:00] TopicWriter Topic 'checking_ink_levels_windows.dita' written successfully.
[2026-09-24T10:15:42.440224+00:00] TopicWriter Writing topic 'Checking Ink Levels - Mac' to .dita file.
[2026-09-24T10:15:42.440239+00:00] topic_structure Converting HTML fragment to DITA body.
[2026-09-24T10:15:42.441704+00:00] topic_structure No section headings found — rendering flat body.
[2026-09-24T10:15:42.442043+00:00] topic_structure Flat DITA body rendered successfully.
[2026-09-24T10:15:42.442081+00:00] topic_structure Running convert_ol_to_steps on DITA body.
[2026-09-24T10:15:42.443047+00:00] topic_structure Converting <ol> list to DITA <steps>.
[2026-09-24T10:15:42.443658+00:00] topic_structure <steps> block built with 2 step(s).
[2026-09-24T10:15:42.443756+00:00] topic_structure Converting <ol> list to DITA <steps>.
[2026-09-24T10:15:42.443824+00:00] topic_structure <steps> block built with 1 step(s).
[2026-09-24T10:15:42.443923+00:00] topic_structure convert_ol_to_steps completed.
[2026-09-24T10:15:42.443952+00:00] topic_structure Partitioning task body into context/steps/result.
[2026-09-24T10:15:42.447578+00:00] topic_structure Taskbody partitioning complete.
[2026-09-24T10:15:42.447927+00:00] TopicWriter Topic 'checking_ink_levels_mac.dita' written successfully.
[2026-09-24T10:15:42.447980+00:00] TopicWriter Writing topic 'Disabling Special Offers with Windows' to .dita file.
[2026-09-24T10:15:42.448000+00:00] topic_structure Converting HTML fragment to DITA body.
[2026-09-24T10:15:42.448690+00:00] topic_structure No section headings found — rendering flat body.
[2026-09-24T10:15:42.448931+00:00] topic_structure Flat DITA body rendered successfully.
[2026-09-24T10:15:42.448995+00:00] topic_structure Running convert_ol_to_steps on DITA body.
[2026-09-24T10:15:42.449616+00:00] topic_structure Converting <ol> list to DITA <steps>.
[2026-09-24T10:15:42.449872+00:00] topic_structure <steps> block built with 1 step(s).
[2026-09-24T10:15:42.450010+00:00] topic_structure Converting <ol> list to DITA <steps>.
[2026-09-24T10:15:42.450231+00:00] topic_structure <steps> block built with 1 step(s).
[2026-09-24T10:15:42.450258+00:00] topic_structure convert_ol_to_steps completed.
[2026-09-24T10:15:42.450273+00:00] topic_structure Partitioning task body into context/steps/result.
[2026-09-24T10:15:42.452479+00:00] topic_structure Taskbody partitioning complete.
[2026-09-24T10:15:42.452802+00:00] TopicWriter Topic 'disabling_special_offers_with_windows.dita' written successfully.
[2026-09-24T10:15:42.452838+00:00] TopicWriter Writing topic 'Purchase MetR Ink' to .dita file.
[2026-09-24T10:15:42.452854+00:00] topic_structure Converting HTML fragment to DITA body.
[2026-09-24T10:15:42.453401+00:00] topic_structure No section headings found — rendering flat body.
[2026-09-24T10:15:42.453523+00:00] topic_structure Flat DITA body rendered successfully.
[2026-09-24T10:15:42.453849+00:00] TopicWriter Topic 'purchase_metr_ink.dita' written successfully.
[2026-09-24T10:15:42.453891+00:00] TopicWriter Writing topic 'Ink Bottle Part Numbers' to .dita file.
[2026-09-24T10:15:42.453905+00:00] topic_structure Converting HTML fragment to DITA body.
[2026-09-24T10:15:42.454648+00:00] topic_structure No section headings found — rendering flat body.
[2026-09-24T10:15:42.455055+00:00] topic_structure Flat DITA body rendered successfully.
[2026-09-24T10:15:42.455112+00:00] topic_structure Ensuring <refbody> content is correctly wrapped in a <section> element.
[2026-09-24T10:15:42.456085+00:00] topic_structure Wrapped <refbody> content in a single <section>.
[2026-09-24T10:15:42.456332+00:00] TopicWriter Topic 'ink_bottle_part_numbers.dita' written successfully.
[2026-09-24T10:15:42.456366+00:00] TopicWriter Writing topic 'Refilling the Ink Tanks' to .dita file.
[2026-09-24T10:15:42.456386+00:00] topic_structure Converting HTML fragment to DITA body.
[2026-09-24T10:15:42.459095+00:00] topic_structure No section headings found — rendering flat body.
[2026-09-24T10:15:42.459644+00:00] topic_structure Flat DITA body rendered successfully.
[2026-09-24T10:15:42.459696+00:00] topic_structure Running convert_ol_to_steps on DITA body.
[2026-09-24T10:15:42.461365+00:00] topic_structure Converting <ol> list to DITA <steps>.
[2026-09-24T10:15:42.461458+00:00] topic_structure <steps> block built with 3 step(s).
[2026-09-24T10:15:42.461553+00:00] topic_structure Converting <ol> list to DITA <steps>.
[2026-09-24T10:15:42.461623+00:00] topic_structure <steps> block built with 1 step(s).
[2026-09-24T10:15:42.461708+00:00] topic_structure Converting <ol> list to DITA <steps>.
[2026-09-24T10:15:42.461783+00:00] topic_structure <steps> block built with 2 step(s).
[2026-09-24T10:15:42.461907+00:00] topic_structure Converting <ol> list to DITA <steps>.
[2026-09-24T10:15:42.461982+00:00] topic_structure <steps> block built with 1 step(s).
[2026-09-24T10:15:42.462139+00:00] topic_structure Converting <ol> list to DITA <steps>.
[2026-09-24T10:15:42.462203+00:00] topic_structure <steps> block built with 1 step(s).
[2026-09-24T10:15:42.462262+00:00] topic_structure Converting <ol> list to DITA <steps>.
[2026-09-24T10:15:42.462323+00:00] topic_structure <steps> block built with 1 step(s).
[2026-09-24T10:15:42.462440+00:00] topic_structure Converting <ol> list to DITA <steps>.
[2026-09-24T10:15:42.462505+00:00] topic_structure <steps> block built with 1 step(s).
[2026-09-24T10:15:42.462560+00:00] topic_structure Converting <ol> list to DITA <steps>.
[2026-09-24T10:15:42.462620+00:00] topic_structure <steps> block built with 3 step(s).
[2026-09-24T10:15:42.462737+00:00] topic_structure Converting <ol> list to DITA <steps>.
[2026-09-24T10:15:42.463045+00:00] topic_structure <steps> block built with 1 step(s).
[2026-09-24T10:15:42.463101+00:00] topic_structure convert_ol_to_steps completed.
[2026-09-24T10:15:42.463127+00:00] topic_structure Partitioning task body into context/steps/result.
[2026-09-24T10:15:42.468861+00:00] topic_structure Taskbody partitioning complete.
[2026-09-24T10:15:42.469447+00:00] TopicWriter Topic 'refilling_the_ink_tanks.dita' written successfully.
[2026-09-24T10:15:42.469487+00:00] TopicWriter Writing topic 'Adjusting Print Quality' to .dita file.
[2026-09-24T10:15:42.469503+00:00] topic_structure Converting HTML fragment to DITA body.
[2026-09-24T10:15:42.469790+00:00] topic_structure No section headings found — rendering flat body.
[2026-09-24T10:15:42.469877+00:00] topic_structure Flat DITA body rendered successfully.
[2026-09-24T10:15:42.470165+00:00] TopicWriter Topic 'adjusting_print_quality.dita' written successfully.
[2026-09-24T10:15:42.470202+00:00] TopicWriter Writing topic 'Print Head Maintenance' to .dita file.
[2026-09-24T10:15:42.470218+00:00] topic_structure Converting HTML fragment to DITA body.
[2026-09-24T10:15:42.470660+00:00] topic_structure No section headings found — rendering flat body.
[2026-09-24T10:15:42.470780+00:00] topic_structure Flat DITA body rendered successfully.
[2026-09-24T10:15:42.471121+00:00] TopicWriter Topic 'print_head_maintenance.dita' written successfully.
[2026-09-24T10:15:42.471155+00:00] TopicWriter Writing topic 'Print Head Nozzle Check' to .dita file.
[2026-09-24T10:15:42.471168+00:00] topic_structure Converting HTML fragment to DITA body.
[2026-09-24T10:15:42.471380+00:00] topic_structure No section headings found — rendering flat body.
[2026-09-24T10:15:42.471436+00:00] topic_structure Flat DITA body rendered successfully.
[2026-09-24T10:15:42.471657+00:00] TopicWriter Topic 'print_head_nozzle_check.dita' written successfully.
[2026-09-24T10:15:42.471688+00:00] TopicWriter Writing topic 'Checking the Nozzles Using the Product Control Panel' to .dita file.
[2026-09-24T10:15:42.471704+00:00] topic_structure Converting HTML fragment to DITA body.
[2026-09-24T10:15:42.474004+00:00] topic_structure No section headings found — rendering flat body.
[2026-09-24T10:15:42.474485+00:00] topic_structure Flat DITA body rendered successfully.
[2026-09-24T10:15:42.474573+00:00] topic_structure Running convert_ol_to_steps on DITA body.
[2026-09-24T10:15:42.475961+00:00] topic_structure Converting <ol> list to DITA <steps>.
[2026-09-24T10:15:42.476347+00:00] topic_structure <steps> block built with 6 step(s).
[2026-09-24T10:15:42.476651+00:00] topic_structure Converting <ol> list to DITA <steps>.
[2026-09-24T10:15:42.476727+00:00] topic_structure <steps> block built with 1 step(s).
[2026-09-24T10:15:42.476959+00:00] topic_structure convert_ol_to_steps completed.
[2026-09-24T10:15:42.477008+00:00] topic_structure Partitioning task body into context/steps/result.
[2026-09-24T10:15:42.481115+00:00] topic_structure Taskbody partitioning complete.
[2026-09-24T10:15:42.481517+00:00] TopicWriter Topic 'checking_the_nozzles_using_the_product_control_panel.dita' written successfully.
[2026-09-24T10:15:42.481555+00:00] TopicWriter Writing topic 'Checking the Nozzles Using a Computer Utility' to .dita file.
[2026-09-24T10:15:42.481575+00:00] topic_structure Converting HTML fragment to DITA body.
[2026-09-24T10:15:42.485322+00:00] topic_structure No section headings found — rendering flat body.
[2026-09-24T10:15:42.486060+00:00] topic_structure Flat DITA body rendered successfully.
[2026-09-24T10:15:42.486242+00:00] topic_structure Running convert_ol_to_steps on DITA body.
[2026-09-24T10:15:42.489028+00:00] topic_structure Converting <ol> list to DITA <steps>.
[2026-09-24T10:15:42.489115+00:00] topic_structure <steps> block built with 3 step(s).
[2026-09-24T10:15:42.489464+00:00] topic_structure Converting <ol> list to DITA <steps>.
[2026-09-24T10:15:42.489721+00:00] topic_structure <steps> block built with 1 step(s).
[2026-09-24T10:15:42.489808+00:00] topic_structure Converting <ol> list to DITA <steps>.
[2026-09-24T10:15:42.489959+00:00] topic_structure <steps> block built with 2 step(s).
[2026-09-24T10:15:42.490775+00:00] topic_structure Converting <ol> list to DITA <steps>.
[2026-09-24T10:15:42.491154+00:00] topic_structure <steps> block built with 1 step(s).
[2026-09-24T10:15:42.491342+00:00] topic_structure convert_ol_to_steps completed.
[2026-09-24T10:15:42.491373+00:00] topic_structure Partitioning task body into context/steps/result.
[2026-09-24T10:15:42.498817+00:00] topic_structure Taskbody partitioning complete.
[2026-09-24T10:15:42.499434+00:00] TopicWriter Topic 'checking_the_nozzles_using_a_computer_utility.dita' written successfully.
[2026-09-24T10:15:42.499479+00:00] TopicWriter Writing topic 'Print Head Cleaning' to .dita file.
[2026-09-24T10:15:42.499494+00:00] topic_structure Converting HTML fragment to DITA body.
[2026-09-24T10:15:42.499845+00:00] topic_structure No section headings found — rendering flat body.
[2026-09-24T10:15:42.499928+00:00] topic_structure Flat DITA body rendered successfully.
[2026-09-24T10:15:42.500196+00:00] TopicWriter Topic 'print_head_cleaning.dita' written successfully.
[2026-09-24T10:15:42.500233+00:00] TopicWriter Writing topic 'Cleaning the Print Head Using the Product Control Panel' to .dita file.
[2026-09-24T10:15:42.500252+00:00] topic_structure Converting HTML fragment to DITA body.
[2026-09-24T10:15:42.503640+00:00] topic_structure No section headings found — rendering flat body.
[2026-09-24T10:15:42.504352+00:00] topic_structure Flat DITA body rendered successfully.
[2026-09-24T10:15:42.504546+00:00] topic_structure Running convert_ol_to_steps on DITA body.
[2026-09-24T10:15:42.507252+00:00] topic_structure Converting <ol> list to DITA <steps>.
[2026-09-24T10:15:42.507585+00:00] topic_structure <steps> block built with 4 step(s).
[2026-09-24T10:15:42.507684+00:00] topic_structure Converting <ol> list to DITA <steps>.
[2026-09-24T10:15:42.507827+00:00] topic_structure <steps> block built with 1 step(s).
[2026-09-24T10:15:42.507955+00:00] topic_structure Converting <ol> list to DITA <steps>.
[2026-09-24T10:15:42.508040+00:00] topic_structure <steps> block built with 1 step(s).
[2026-09-24T10:15:42.508786+00:00] topic_structure Converting <ol> list to DITA <steps>.
[2026-09-24T10:15:42.509166+00:00] topic_structure <steps> block built with 1 step(s).
[2026-09-24T10:15:42.509434+00:00] topic_structure convert_ol_to_steps completed.
[2026-09-24T10:15:42.509465+00:00] topic_structure Partitioning task body into context/steps/result.
[2026-09-24T10:15:42.517462+00:00] topic_structure Taskbody partitioning complete.
[2026-09-24T10:15:42.518096+00:00] TopicWriter Topic 'cleaning_the_print_head_using_the_product_control_panel.dita' written successfully.
[2026-09-24T10:15:42.518137+00:00] TopicWriter Writing topic 'Cleaning the Print Head Using a Computer Utility' to .dita file.
[2026-09-24T10:15:42.518157+00:00] topic_structure Converting HTML fragment to DITA body.
[2026-09-24T10:15:42.522780+00:00] topic_structure No section headings found — rendering flat body.
[2026-09-24T10:15:42.523550+00:00] topic_structure Flat DITA body rendered successfully.
[2026-09-24T10:15:42.523755+00:00] topic_structure Running convert_ol_to_steps on DITA body.
[2026-09-24T10:15:42.526821+00:00] topic_structure Converting <ol> list to DITA <steps>.
[2026-09-24T10:15:42.526913+00:00] topic_structure <steps> block built with 3 step(s).
[2026-09-24T10:15:42.527278+00:00] topic_structure Converting <ol> list to DITA <steps>.
[2026-09-24T10:15:42.527499+00:00] topic_structure <steps> block built with 1 step(s).
[2026-09-24T10:15:42.527619+00:00] topic_structure Converting <ol> list to DITA <steps>.
[2026-09-24T10:15:42.527759+00:00] topic_structure <steps> block built with 1 step(s).
[2026-09-24T10:15:42.527891+00:00] topic_structure Converting <ol> list to DITA <steps>.
[2026-09-24T10:15:42.528106+00:00] topic_structure <steps> block built with 2 step(s).
[2026-09-24T10:15:42.529095+00:00] topic_structure convert_ol_to_steps completed.
[2026-09-24T10:15:42.529126+00:00] topic_structure Partitioning task body into context/steps/result.
[2026-09-24T10:15:42.536549+00:00] topic_structure Taskbody partitioning complete.
[2026-09-24T10:15:42.537068+00:00] TopicWriter Topic 'cleaning_the_print_head_using_a_computer_utility.dita' written successfully.
[2026-09-24T10:15:42.537107+00:00] TopicWriter Writing topic 'Power Cleaning' to .dita file.
[2026-09-24T10:15:42.537122+00:00] topic_structure Converting HTML fragment to DITA body.
[2026-09-24T10:15:42.537608+00:00] topic_structure No section headings found — rendering flat body.
[2026-09-24T10:15:42.537733+00:00] topic_structure Flat DITA body rendered successfully.
[2026-09-24T10:15:42.538022+00:00] TopicWriter Topic 'power_cleaning.dita' written successfully.
[2026-09-24T10:15:42.538058+00:00] TopicWriter Writing topic 'Power Cleaning Using the Product Control Panel' to .dita file.
[2026-09-24T10:15:42.538074+00:00] topic_structure Converting HTML fragment to DITA body.
[2026-09-24T10:15:42.539141+00:00] topic_structure No section headings found — rendering flat body.
[2026-09-24T10:15:42.539385+00:00] topic_structure Flat DITA body rendered successfully.
[2026-09-24T10:15:42.539423+00:00] topic_structure Running convert_ol_to_steps on DITA body.
[2026-09-24T10:15:42.540136+00:00] topic_structure Converting <ol> list to DITA <steps>.
[2026-09-24T10:15:42.540220+00:00] topic_structure <steps> block built with 2 step(s).
[2026-09-24T10:15:42.540286+00:00] topic_structure Converting <ol> list to DITA <steps>.
[2026-09-24T10:15:42.540581+00:00] topic_structure <steps> block built with 4 step(s).
[2026-09-24T10:15:42.540660+00:00] topic_structure convert_ol_to_steps completed.
[2026-09-24T10:15:42.540692+00:00] topic_structure Partitioning task body into context/steps/result.
[2026-09-24T10:15:42.542952+00:00] topic_structure Taskbody partitioning complete.
[2026-09-24T10:15:42.543294+00:00] TopicWriter Topic 'power_cleaning_using_the_product_control_panel.dita' written successfully.
[2026-09-24T10:15:42.543331+00:00] TopicWriter Writing topic 'Power Cleaning Using a Computer Utility' to .dita file.
[2026-09-24T10:15:42.543348+00:00] topic_structure Converting HTML fragment to DITA body.
[2026-09-24T10:15:42.545069+00:00] topic_structure No section headings found — rendering flat body.
[2026-09-24T10:15:42.545465+00:00] topic_structure Flat DITA body rendered successfully.
[2026-09-24T10:15:42.545504+00:00] topic_structure Running convert_ol_to_steps on DITA body.
[2026-09-24T10:15:42.546791+00:00] topic_structure Converting <ol> list to DITA <steps>.
[2026-09-24T10:15:42.546872+00:00] topic_structure <steps> block built with 3 step(s).
[2026-09-24T10:15:42.547251+00:00] topic_structure Converting <ol> list to DITA <steps>.
[2026-09-24T10:15:42.547389+00:00] topic_structure <steps> block built with 1 step(s).
[2026-09-24T10:15:42.547478+00:00] topic_structure Converting <ol> list to DITA <steps>.
[2026-09-24T10:15:42.547550+00:00] topic_structure <steps> block built with 2 step(s).
[2026-09-24T10:15:42.547606+00:00] topic_structure convert_ol_to_steps completed.
[2026-09-24T10:15:42.547627+00:00] topic_structure Partitioning task body into context/steps/result.
[2026-09-24T10:15:42.550871+00:00] topic_structure Taskbody partitioning complete.
[2026-09-24T10:15:42.551262+00:00] TopicWriter Topic 'power_cleaning_using_a_computer_utility.dita' written successfully.
[2026-09-24T10:15:42.551302+00:00] TopicWriter Writing topic 'Print Head Alignment' to .dita file.
[2026-09-24T10:15:42.551318+00:00] topic_structure Converting HTML fragment to DITA body.
[2026-09-24T10:15:42.551810+00:00] topic_structure No section headings found — rendering flat body.
[2026-09-24T10:15:42.551889+00:00] topic_structure Flat DITA body rendered successfully.
[2026-09-24T10:15:42.552167+00:00] TopicWriter Topic 'print_head_alignment.dita' written successfully.
[2026-09-24T10:15:42.552203+00:00] TopicWriter Writing topic 'Aligning the Print Head Using the Product Control Panel' to .dita file.
[2026-09-24T10:15:42.552218+00:00] topic_structure Converting HTML fragment to DITA body.
[2026-09-24T10:15:42.554133+00:00] topic_structure No section headings found — rendering flat body.
[2026-09-24T10:15:42.554579+00:00] topic_structure Flat DITA body rendered successfully.
[2026-09-24T10:15:42.554619+00:00] topic_structure Running convert_ol_to_steps on DITA body.
[2026-09-24T10:15:42.555842+00:00] topic_structure Converting <ol> list to DITA <steps>.
[2026-09-24T10:15:42.556175+00:00] topic_structure <steps> block built with 5 step(s).
[2026-09-24T10:15:42.556391+00:00] topic_structure Converting <ol> list to DITA <steps>.
[2026-09-24T10:15:42.556545+00:00] topic_structure <steps> block built with 1 step(s).
[2026-09-24T10:15:42.556612+00:00] topic_structure Converting <ol> list to DITA <steps>.
[2026-09-24T10:15:42.556679+00:00] topic_structure <steps> block built with 1 step(s).
[2026-09-24T10:15:42.556896+00:00] topic_structure Converting <ol> list to DITA <steps>.
[2026-09-24T10:15:42.557062+00:00] topic_structure <steps> block built with 1 step(s).
[2026-09-24T10:15:42.557089+00:00] topic_structure convert_ol_to_steps completed.
[2026-09-24T10:15:42.557104+00:00] topic_structure Partitioning task body into context/steps/result.
[2026-09-24T10:15:42.561407+00:00] topic_structure Taskbody partitioning complete.
[2026-09-24T10:15:42.561841+00:00] TopicWriter Topic 'aligning_the_print_head_using_the_product_control_panel.dita' written successfully.
[2026-09-24T10:15:42.561882+00:00] TopicWriter Writing topic 'Cleaning the Paper Guide' to .dita file.
[2026-09-24T10:15:42.561900+00:00] topic_structure Converting HTML fragment to DITA body.
[2026-09-24T10:15:42.563109+00:00] topic_structure No section headings found — rendering flat body.
[2026-09-24T10:15:42.563398+00:00] topic_structure Flat DITA body rendered successfully.
[2026-09-24T10:15:42.563478+00:00] topic_structure Running convert_ol_to_steps on DITA body.
[2026-09-24T10:15:42.564311+00:00] topic_structure Converting <ol> list to DITA <steps>.
[2026-09-24T10:15:42.564617+00:00] topic_structure <steps> block built with 5 step(s).
[2026-09-24T10:15:42.564712+00:00] topic_structure Converting <ol> list to DITA <steps>.
[2026-09-24T10:15:42.564793+00:00] topic_structure <steps> block built with 1 step(s).
[2026-09-24T10:15:42.564960+00:00] topic_structure Converting <ol> list to DITA <steps>.
[2026-09-24T10:15:42.565057+00:00] topic_structure <steps> block built with 1 step(s).
[2026-09-24T10:15:42.565121+00:00] topic_structure convert_ol_to_steps completed.
[2026-09-24T10:15:42.565157+00:00] topic_structure Partitioning task body into context/steps/result.
[2026-09-24T10:15:42.568299+00:00] topic_structure Taskbody partitioning complete.
[2026-09-24T10:15:42.568731+00:00] TopicWriter Topic 'cleaning_the_paper_guide.dita' written successfully.
[2026-09-24T10:15:42.568770+00:00] TopicWriter Writing topic 'Cleaning the Print Head Path' to .dita file.
[2026-09-24T10:15:42.568789+00:00] topic_structure Converting HTML fragment to DITA body.
[2026-09-24T10:15:42.570674+00:00] topic_structure No section headings found — rendering flat body.
[2026-09-24T10:15:42.571167+00:00] topic_structure Flat DITA body rendered successfully.
[2026-09-24T10:15:42.571291+00:00] topic_structure Running convert_ol_to_steps on DITA body.
[2026-09-24T10:15:42.572807+00:00] topic_structure Converting <ol> list to DITA <steps>.
[2026-09-24T10:15:42.572898+00:00] topic_structure <steps> block built with 5 step(s).
[2026-09-24T10:15:42.573097+00:00] topic_structure Converting <ol> list to DITA <steps>.
[2026-09-24T10:15:42.573169+00:00] topic_structure <steps> block built with 1 step(s).
[2026-09-24T10:15:42.573303+00:00] topic_structure Converting <ol> list to DITA <steps>.
[2026-09-24T10:15:42.573375+00:00] topic_structure <steps> block built with 2 step(s).
[2026-09-24T10:15:42.573443+00:00] topic_structure Converting <ol> list to DITA <steps>.
[2026-09-24T10:15:42.573517+00:00] topic_structure <steps> block built with 1 step(s).
[2026-09-24T10:15:42.573707+00:00] topic_structure Converting <ol> list to DITA <steps>.
[2026-09-24T10:15:42.573778+00:00] topic_structure <steps> block built with 3 step(s).
[2026-09-24T10:15:42.573844+00:00] topic_structure Converting <ol> list to DITA <steps>.
[2026-09-24T10:15:42.573902+00:00] topic_structure <steps> block built with 1 step(s).
[2026-09-24T10:15:42.573923+00:00] topic_structure convert_ol_to_steps completed.
[2026-09-24T10:15:42.573940+00:00] topic_structure Partitioning task body into context/steps/result.
[2026-09-24T10:15:42.578512+00:00] topic_structure Taskbody partitioning complete.
[2026-09-24T10:15:42.579092+00:00] TopicWriter Topic 'cleaning_the_print_head_path.dita' written successfully.
[2026-09-24T10:15:42.579132+00:00] TopicWriter Writing topic 'Checking the Number of Sheets Fed' to .dita file.
[2026-09-24T10:15:42.579148+00:00] topic_structure Converting HTML fragment to DITA body.
[2026-09-24T10:15:42.579490+00:00] topic_structure No section headings found — rendering flat body.
[2026-09-24T10:15:42.579569+00:00] topic_structure Flat DITA body rendered successfully.
[2026-09-24T10:15:42.579845+00:00] TopicWriter Topic 'checking_the_number_of_sheets_fed.dita' written successfully.
[2026-09-24T10:15:42.579879+00:00] TopicWriter Writing topic 'Checking the Number of Sheets on the LCD Screen' to .dita file.
[2026-09-24T10:15:42.579894+00:00] topic_structure Converting HTML fragment to DITA body.
[2026-09-24T10:15:42.580435+00:00] topic_structure No section headings found — rendering flat body.
[2026-09-24T10:15:42.580590+00:00] topic_structure Flat DITA body rendered successfully.
[2026-09-24T10:15:42.580625+00:00] topic_structure Running convert_ol_to_steps on DITA body.
[2026-09-24T10:15:42.581089+00:00] topic_structure Converting <ol> list to DITA <steps>.
[2026-09-24T10:15:42.581398+00:00] topic_structure <steps> block built with 2 step(s).
[2026-09-24T10:15:42.581427+00:00] topic_structure convert_ol_to_steps completed.
[2026-09-24T10:15:42.581444+00:00] topic_structure Partitioning task body into context/steps/result.
[2026-09-24T10:15:42.582913+00:00] topic_structure Taskbody partitioning complete.
[2026-09-24T10:15:42.583238+00:00] TopicWriter Topic 'checking_the_number_of_sheets_on_the_lcd_screen.dita' written successfully.
[2026-09-24T10:15:42.583272+00:00] TopicWriter Writing topic 'Checking the Sheet Counter - Windows' to .dita file.
[2026-09-24T10:15:42.583288+00:00] topic_structure Converting HTML fragment to DITA body.
[2026-09-24T10:15:42.584396+00:00] topic_structure No section headings found — rendering flat body.
[2026-09-24T10:15:42.584658+00:00] topic_structure Flat DITA body rendered successfully.
[2026-09-24T10:15:42.584694+00:00] topic_structure Running convert_ol_to_steps on DITA body.
[2026-09-24T10:15:42.585659+00:00] topic_structure Converting <ol> list to DITA <steps>.
[2026-09-24T10:15:42.586129+00:00] topic_structure <steps> block built with 4 step(s).
[2026-09-24T10:15:42.586238+00:00] topic_structure Converting <ol> list to DITA <steps>.
[2026-09-24T10:15:42.586395+00:00] topic_structure <steps> block built with 1 step(s).
[2026-09-24T10:15:42.586463+00:00] topic_structure convert_ol_to_steps completed.
[2026-09-24T10:15:42.586485+00:00] topic_structure Partitioning task body into context/steps/result.
[2026-09-24T10:15:42.589407+00:00] topic_structure Taskbody partitioning complete.
[2026-09-24T10:15:42.589749+00:00] TopicWriter Topic 'checking_the_sheet_counter_windows.dita' written successfully.
[2026-09-24T10:15:42.589787+00:00] TopicWriter Writing topic 'Checking the Sheet Counter - Mac' to .dita file.
[2026-09-24T10:15:42.589803+00:00] topic_structure Converting HTML fragment to DITA body.
[2026-09-24T10:15:42.591072+00:00] topic_structure No section headings found — rendering flat body.
[2026-09-24T10:15:42.591348+00:00] topic_structure Flat DITA body rendered successfully.
[2026-09-24T10:15:42.591384+00:00] topic_structure Running convert_ol_to_steps on DITA body.
[2026-09-24T10:15:42.593461+00:00] topic_structure Converting <ol> list to DITA <steps>.
[2026-09-24T10:15:42.594132+00:00] topic_structure <steps> block built with 2 step(s).
[2026-09-24T10:15:42.594246+00:00] topic_structure Converting <ol> list to DITA <steps>.
[2026-09-24T10:15:42.594411+00:00] topic_structure <steps> block built with 1 step(s).
[2026-09-24T10:15:42.594437+00:00] topic_structure convert_ol_to_steps completed.
[2026-09-24T10:15:42.594452+00:00] topic_structure Partitioning task body into context/steps/result.
[2026-09-24T10:15:42.597908+00:00] topic_structure Taskbody partitioning complete.
[2026-09-24T10:15:42.598302+00:00] TopicWriter Topic 'checking_the_sheet_counter_mac.dita' written successfully.
[2026-09-24T10:15:42.598341+00:00] TopicWriter Writing topic 'Cleaning and Transporting Your Product' to .dita file.
[2026-09-24T10:15:42.598357+00:00] topic_structure Converting HTML fragment to DITA body.
[2026-09-24T10:15:42.598579+00:00] topic_structure No section headings found — rendering flat body.
[2026-09-24T10:15:42.598643+00:00] topic_structure Flat DITA body rendered successfully.
[2026-09-24T10:15:42.598917+00:00] TopicWriter Topic 'cleaning_and_transporting_your_product.dita' written successfully.
[2026-09-24T10:15:42.598952+00:00] TopicWriter Writing topic 'Cleaning Your Product' to .dita file.
[2026-09-24T10:15:42.598984+00:00] topic_structure Converting HTML fragment to DITA body.
[2026-09-24T10:15:42.599916+00:00] topic_structure No section headings found — rendering flat body.
[2026-09-24T10:15:42.600176+00:00] topic_structure Flat DITA body rendered successfully.
[2026-09-24T10:15:42.600224+00:00] topic_structure Running convert_ol_to_steps on DITA body.
[2026-09-24T10:15:42.600872+00:00] topic_structure Converting <ol> list to DITA <steps>.
[2026-09-24T10:15:42.600984+00:00] topic_structure <steps> block built with 6 step(s).
[2026-09-24T10:15:42.601082+00:00] topic_structure Converting <ol> list to DITA <steps>.
[2026-09-24T10:15:42.601148+00:00] topic_structure <steps> block built with 1 step(s).
[2026-09-24T10:15:42.601210+00:00] topic_structure Converting <ol> list to DITA <steps>.
[2026-09-24T10:15:42.601267+00:00] topic_structure <steps> block built with 1 step(s).
[2026-09-24T10:15:42.601288+00:00] topic_structure convert_ol_to_steps completed.
[2026-09-24T10:15:42.601309+00:00] topic_structure Partitioning task body into context/steps/result.
[2026-09-24T10:15:42.603673+00:00] topic_structure Taskbody partitioning complete.
[2026-09-24T10:15:42.604098+00:00] TopicWriter Topic 'cleaning_your_product.dita' written successfully.
[2026-09-24T10:15:42.604135+00:00] TopicWriter Writing topic 'Transporting Your Product' to .dita file.
[2026-09-24T10:15:42.604154+00:00] topic_structure Converting HTML fragment to DITA body.
[2026-09-24T10:15:42.606363+00:00] topic_structure No section headings found — rendering flat body.
[2026-09-24T10:15:42.606892+00:00] topic_structure Flat DITA body rendered successfully.
[2026-09-24T10:15:42.606940+00:00] topic_structure Running convert_ol_to_steps on DITA body.
[2026-09-24T10:15:42.608560+00:00] topic_structure Converting <ol> list to DITA <steps>.
[2026-09-24T10:15:42.608644+00:00] topic_structure <steps> block built with 2 step(s).
[2026-09-24T10:15:42.608708+00:00] topic_structure Converting <ol> list to DITA <steps>.
[2026-09-24T10:15:42.608775+00:00] topic_structure <steps> block built with 4 step(s).
[2026-09-24T10:15:42.608875+00:00] topic_structure Converting <ol> list to DITA <steps>.
[2026-09-24T10:15:42.608951+00:00] topic_structure <steps> block built with 1 step(s).
[2026-09-24T10:15:42.609080+00:00] topic_structure Converting <ol> list to DITA <steps>.
[2026-09-24T10:15:42.609143+00:00] topic_structure <steps> block built with 1 step(s).
[2026-09-24T10:15:42.609237+00:00] topic_structure Converting <ol> list to DITA <steps>.
[2026-09-24T10:15:42.609318+00:00] topic_structure <steps> block built with 1 step(s).
[2026-09-24T10:15:42.609433+00:00] topic_structure Converting <ol> list to DITA <steps>.
[2026-09-24T10:15:42.609496+00:00] topic_structure <steps> block built with 1 step(s).
[2026-09-24T10:15:42.609661+00:00] topic_structure Converting <ol> list to DITA <steps>.
[2026-09-24T10:15:42.609725+00:00] topic_structure <steps> block built with 1 step(s).
[2026-09-24T10:15:42.609847+00:00] topic_structure Converting <ol> list to DITA <steps>.
[2026-09-24T10:15:42.609907+00:00] topic_structure <steps> block built with 1 step(s).
[2026-09-24T10:15:42.609958+00:00] topic_structure convert_ol_to_steps completed.
[2026-09-24T10:15:42.609991+00:00] topic_structure Partitioning task body into context/steps/result.
[2026-09-24T10:15:42.615055+00:00] topic_structure Taskbody partitioning complete.
[2026-09-24T10:15:42.615567+00:00] TopicWriter Topic 'transporting_your_product.dita' written successfully.
[2026-09-24T10:15:42.615608+00:00] TopicWriter Writing topic 'Copyright Notice' to .dita file.
[2026-09-24T10:15:42.615623+00:00] topic_structure Converting HTML fragment to DITA body.
[2026-09-24T10:15:42.615841+00:00] topic_structure No section headings found — rendering flat body.
[2026-09-24T10:15:42.615907+00:00] topic_structure Flat DITA body rendered successfully.
[2026-09-24T10:15:42.616236+00:00] TopicWriter Topic 'copyright_notice.dita' written successfully.
[2026-09-24T10:15:42.616273+00:00] TopicWriter All 63 topic file(s) written successfully.
[2026-09-24T10:15:42.616290+00:00] topics_written DTD classification and topic writing complete: 63 DITA file(s) generated.
[2026-09-24T10:15:42.617127+00:00] TopicWriter Finished writing .dita files.
[2026-09-24T10:15:42.617154+00:00] step_write_topics_complete DITA topic files written: 63 file(s) generated.
[2026-09-24T10:15:42.617809+00:00] DitaMapBuilder Generating DITAMAP file.
[2026-09-24T10:15:42.617842+00:00] step_ditamap_started Step 5/7: Generating DITAMAP structure.
[2026-09-24T10:15:42.620639+00:00] DitaMapBuilder DITAMAP generation complete.
[2026-09-24T10:15:42.620674+00:00] step_ditamap_complete DITAMAP generation complete: 8 map file(s) created.

 Success: Content transformation completed successfully.
================================================================================
